Archive member included to satisfy reference by file (symbol)

/usr/lib/gcc/arm-none-eabi/9.2.1/../../../arm-none-eabi/lib/thumb/v7e-m+fp/hard/libc_nano.a(lib_a-atexit.o)
                              /usr/lib/gcc/arm-none-eabi/9.2.1/../../../arm-none-eabi/lib/thumb/v7e-m+fp/hard/crt0.o (atexit)
/usr/lib/gcc/arm-none-eabi/9.2.1/../../../arm-none-eabi/lib/thumb/v7e-m+fp/hard/libc_nano.a(lib_a-exit.o)
                              /usr/lib/gcc/arm-none-eabi/9.2.1/../../../arm-none-eabi/lib/thumb/v7e-m+fp/hard/crt0.o (exit)
/usr/lib/gcc/arm-none-eabi/9.2.1/../../../arm-none-eabi/lib/thumb/v7e-m+fp/hard/libc_nano.a(lib_a-fini.o)
                              /usr/lib/gcc/arm-none-eabi/9.2.1/../../../arm-none-eabi/lib/thumb/v7e-m+fp/hard/crt0.o (__libc_fini_array)
/usr/lib/gcc/arm-none-eabi/9.2.1/../../../arm-none-eabi/lib/thumb/v7e-m+fp/hard/libc_nano.a(lib_a-impure.o)
                              /usr/lib/gcc/arm-none-eabi/9.2.1/../../../arm-none-eabi/lib/thumb/v7e-m+fp/hard/libc_nano.a(lib_a-exit.o) (_global_impure_ptr)
/usr/lib/gcc/arm-none-eabi/9.2.1/../../../arm-none-eabi/lib/thumb/v7e-m+fp/hard/libc_nano.a(lib_a-init.o)
                              /usr/lib/gcc/arm-none-eabi/9.2.1/../../../arm-none-eabi/lib/thumb/v7e-m+fp/hard/crt0.o (__libc_init_array)
/usr/lib/gcc/arm-none-eabi/9.2.1/../../../arm-none-eabi/lib/thumb/v7e-m+fp/hard/libc_nano.a(lib_a-memset.o)
                              /usr/lib/gcc/arm-none-eabi/9.2.1/../../../arm-none-eabi/lib/thumb/v7e-m+fp/hard/crt0.o (memset)
/usr/lib/gcc/arm-none-eabi/9.2.1/../../../arm-none-eabi/lib/thumb/v7e-m+fp/hard/libc_nano.a(lib_a-printf.o)
                              build/main.o (printf)
/usr/lib/gcc/arm-none-eabi/9.2.1/../../../arm-none-eabi/lib/thumb/v7e-m+fp/hard/libc_nano.a(lib_a-puts.o)
                              build/main.o (puts)
/usr/lib/gcc/arm-none-eabi/9.2.1/../../../arm-none-eabi/lib/thumb/v7e-m+fp/hard/libc_nano.a(lib_a-wbuf.o)
                              /usr/lib/gcc/arm-none-eabi/9.2.1/../../../arm-none-eabi/lib/thumb/v7e-m+fp/hard/libc_nano.a(lib_a-puts.o) (__swbuf_r)
/usr/lib/gcc/arm-none-eabi/9.2.1/../../../arm-none-eabi/lib/thumb/v7e-m+fp/hard/libc_nano.a(lib_a-wsetup.o)
                              /usr/lib/gcc/arm-none-eabi/9.2.1/../../../arm-none-eabi/lib/thumb/v7e-m+fp/hard/libc_nano.a(lib_a-puts.o) (__swsetup_r)
/usr/lib/gcc/arm-none-eabi/9.2.1/../../../arm-none-eabi/lib/thumb/v7e-m+fp/hard/libc_nano.a(lib_a-__atexit.o)
                              /usr/lib/gcc/arm-none-eabi/9.2.1/../../../arm-none-eabi/lib/thumb/v7e-m+fp/hard/libc_nano.a(lib_a-atexit.o) (__register_exitproc)
/usr/lib/gcc/arm-none-eabi/9.2.1/../../../arm-none-eabi/lib/thumb/v7e-m+fp/hard/libc_nano.a(lib_a-__call_atexit.o)
                              /usr/lib/gcc/arm-none-eabi/9.2.1/../../../arm-none-eabi/lib/thumb/v7e-m+fp/hard/libc_nano.a(lib_a-__atexit.o) (__call_exitprocs)
/usr/lib/gcc/arm-none-eabi/9.2.1/../../../arm-none-eabi/lib/thumb/v7e-m+fp/hard/libc_nano.a(lib_a-fflush.o)
                              /usr/lib/gcc/arm-none-eabi/9.2.1/../../../arm-none-eabi/lib/thumb/v7e-m+fp/hard/libc_nano.a(lib_a-wbuf.o) (_fflush_r)
/usr/lib/gcc/arm-none-eabi/9.2.1/../../../arm-none-eabi/lib/thumb/v7e-m+fp/hard/libc_nano.a(lib_a-findfp.o)
                              /usr/lib/gcc/arm-none-eabi/9.2.1/../../../arm-none-eabi/lib/thumb/v7e-m+fp/hard/libc_nano.a(lib_a-printf.o) (__sinit)
/usr/lib/gcc/arm-none-eabi/9.2.1/../../../arm-none-eabi/lib/thumb/v7e-m+fp/hard/libc_nano.a(lib_a-fwalk.o)
                              /usr/lib/gcc/arm-none-eabi/9.2.1/../../../arm-none-eabi/lib/thumb/v7e-m+fp/hard/libc_nano.a(lib_a-findfp.o) (_fwalk)
/usr/lib/gcc/arm-none-eabi/9.2.1/../../../arm-none-eabi/lib/thumb/v7e-m+fp/hard/libc_nano.a(lib_a-makebuf.o)
                              /usr/lib/gcc/arm-none-eabi/9.2.1/../../../arm-none-eabi/lib/thumb/v7e-m+fp/hard/libc_nano.a(lib_a-wsetup.o) (__smakebuf_r)
/usr/lib/gcc/arm-none-eabi/9.2.1/../../../arm-none-eabi/lib/thumb/v7e-m+fp/hard/libc_nano.a(lib_a-nano-freer.o)
                              /usr/lib/gcc/arm-none-eabi/9.2.1/../../../arm-none-eabi/lib/thumb/v7e-m+fp/hard/libc_nano.a(lib_a-wsetup.o) (_free_r)
/usr/lib/gcc/arm-none-eabi/9.2.1/../../../arm-none-eabi/lib/thumb/v7e-m+fp/hard/libc_nano.a(lib_a-nano-mallocr.o)
                              /usr/lib/gcc/arm-none-eabi/9.2.1/../../../arm-none-eabi/lib/thumb/v7e-m+fp/hard/libc_nano.a(lib_a-findfp.o) (_malloc_r)
/usr/lib/gcc/arm-none-eabi/9.2.1/../../../arm-none-eabi/lib/thumb/v7e-m+fp/hard/libc_nano.a(lib_a-nano-vfprintf.o)
                              /usr/lib/gcc/arm-none-eabi/9.2.1/../../../arm-none-eabi/lib/thumb/v7e-m+fp/hard/libc_nano.a(lib_a-printf.o) (_vfprintf_r)
/usr/lib/gcc/arm-none-eabi/9.2.1/../../../arm-none-eabi/lib/thumb/v7e-m+fp/hard/libc_nano.a(lib_a-nano-vfprintf_i.o)
                              /usr/lib/gcc/arm-none-eabi/9.2.1/../../../arm-none-eabi/lib/thumb/v7e-m+fp/hard/libc_nano.a(lib_a-nano-vfprintf.o) (_printf_i)
[...]
Memory Configuration

Name             Origin             Length             Attributes
RAM              0x0000000020000000 0x0000000000040000 xrw
FLASH            0x0000000008000000 0x0000000000100000 xr
*default*        0x0000000000000000 0xffffffffffffffff

Linker script and memory map

LOAD /usr/lib/gcc/arm-none-eabi/9.2.1/thumb/v7e-m+fp/hard/crti.o
LOAD /usr/lib/gcc/arm-none-eabi/9.2.1/thumb/v7e-m+fp/hard/crtbegin.o
LOAD /usr/lib/gcc/arm-none-eabi/9.2.1/../../../arm-none-eabi/lib/thumb/v7e-m+fp/hard/crt0.o
LOAD build/main.o
LOAD build/stm32f4xx_it.o
LOAD build/stm32f4xx_hal_msp.o
LOAD build/stm32f4xx_hal_tim.o
LOAD build/stm32f4xx_hal_tim_ex.o
LOAD build/stm32f4xx_hal_rcc.o
LOAD build/stm32f4xx_hal_rcc_ex.o
LOAD build/stm32f4xx_hal_flash.o
LOAD build/stm32f4xx_hal_flash_ex.o
LOAD build/stm32f4xx_hal_flash_ramfunc.o
LOAD build/stm32f4xx_hal_gpio.o
LOAD build/stm32f4xx_hal_dma_ex.o
LOAD build/stm32f4xx_hal_dma.o
LOAD build/stm32f4xx_hal_pwr.o
LOAD build/stm32f4xx_hal_pwr_ex.o
LOAD build/stm32f4xx_hal_cortex.o
LOAD build/stm32f4xx_hal.o
LOAD build/stm32f4xx_hal_exti.o
LOAD build/system_stm32f4xx.o
LOAD build/stm32f4xx_hal_adc.o
LOAD build/stm32f4xx_hal_adc_ex.o
LOAD build/stm32f4xx_ll_adc.o
LOAD build/stm32f4xx_hal_spi.o
LOAD build/gpio.o
LOAD build/adc.o
LOAD build/dma.o
LOAD build/spi.o
LOAD build/tim.o
LOAD build/usart.o
LOAD build/stm32f4xx_hal_uart.o
LOAD build/ICM_20648.o
LOAD build/LED_Driver.o
LOAD build/Motor_Driver.o
LOAD build/AS5047P.o
LOAD build/startup_stm32f412cx.o
LOAD /usr/lib/gcc/arm-none-eabi/9.2.1/../../../arm-none-eabi/lib/thumb/v7e-m+fp/hard/libc_nano.a
LOAD /usr/lib/gcc/arm-none-eabi/9.2.1/../../../arm-none-eabi/lib/thumb/v7e-m+fp/hard/libm.a
LOAD /usr/lib/gcc/arm-none-eabi/9.2.1/../../../arm-none-eabi/lib/thumb/v7e-m+fp/hard/libnosys.a
START GROUP
LOAD /usr/lib/gcc/arm-none-eabi/9.2.1/thumb/v7e-m+fp/hard/libgcc.a
LOAD /usr/lib/gcc/arm-none-eabi/9.2.1/../../../arm-none-eabi/lib/thumb/v7e-m+fp/hard/libc_nano.a
END GROUP
START GROUP
LOAD /usr/lib/gcc/arm-none-eabi/9.2.1/thumb/v7e-m+fp/hard/libgcc.a
LOAD /usr/lib/gcc/arm-none-eabi/9.2.1/../../../arm-none-eabi/lib/thumb/v7e-m+fp/hard/libc_nano.a
END GROUP
LOAD /usr/lib/gcc/arm-none-eabi/9.2.1/thumb/v7e-m+fp/hard/crtend.o
LOAD /usr/lib/gcc/arm-none-eabi/9.2.1/thumb/v7e-m+fp/hard/crtn.o
                0x0000000020040000                _estack = (ORIGIN (RAM) + LENGTH (RAM))
                0x0000000000000200                _Min_Heap_Size = 0x200
                0x0000000000000400                _Min_Stack_Size = 0x400

.isr_vector     0x0000000008000000      0x1c4
                0x0000000008000000                . = ALIGN (0x4)
 *(.isr_vector)
 .isr_vector    0x0000000008000000      0x1c4 build/startup_stm32f412cx.o
                0x0000000008000000                g_pfnVectors
                0x00000000080001c4                . = ALIGN (0x4)

.text           0x00000000080001d0     0x55fc
                0x00000000080001d0                . = ALIGN (0x4)
 *(.text)
 .text          0x00000000080001d0       0x88 /usr/lib/gcc/arm-none-eabi/9.2.1/thumb/v7e-m+fp/hard/crtbegin.o
 .text          0x0000000008000258       0x48 /usr/lib/gcc/arm-none-eabi/9.2.1/../../../arm-none-eabi/lib/thumb/v7e-m+fp/hard/libc_nano.a(lib_a-init.o)
                0x0000000008000258                __libc_init_array
 .text          0x00000000080002a0       0xa0 /usr/lib/gcc/arm-none-eabi/9.2.1/../../../arm-none-eabi/lib/thumb/v7e-m+fp/hard/libc_nano.a(lib_a-memset.o)
                0x00000000080002a0                memset
 .text          0x0000000008000340       0x68 /usr/lib/gcc/arm-none-eabi/9.2.1/../../../arm-none-eabi/lib/thumb/v7e-m+fp/hard/libc_nano.a(lib_a-printf.o)
                0x0000000008000340                _printf_r
                0x0000000008000340                _iprintf_r
                0x0000000008000370                printf
                0x0000000008000370                iprintf
 .text          0x00000000080003a8       0xe8 /usr/lib/gcc/arm-none-eabi/9.2.1/../../../arm-none-eabi/lib/thumb/v7e-m+fp/hard/libc_nano.a(lib_a-puts.o)
                0x00000000080003a8                _puts_r
                0x0000000008000480                puts
 .text          0x0000000008000490       0xc0 /usr/lib/gcc/arm-none-eabi/9.2.1/../../../arm-none-eabi/lib/thumb/v7e-m+fp/hard/libc_nano.a(lib_a-wbuf.o)
                0x0000000008000490                __swbuf_r
                0x0000000008000540                __swbuf
 .text          0x0000000008000550      0x100 /usr/lib/gcc/arm-none-eabi/9.2.1/../../../arm-none-eabi/lib/thumb/v7e-m+fp/hard/libc_nano.a(lib_a-wsetup.o)
                0x0000000008000550                __swsetup_r
 .text          0x0000000008000650      0x1b0 /usr/lib/gcc/arm-none-eabi/9.2.1/../../../arm-none-eabi/lib/thumb/v7e-m+fp/hard/libc_nano.a(lib_a-fflush.o)
                0x0000000008000650                __sflush_r
                0x000000000800077c                _fflush_r
                0x00000000080007dc                fflush
 .text          0x0000000008000800      0x210 /usr/lib/gcc/arm-none-eabi/9.2.1/../../../arm-none-eabi/lib/thumb/v7e-m+fp/hard/libc_nano.a(lib_a-findfp.o)
                0x0000000008000804                _cleanup_r
                0x0000000008000814                __sfmoreglue
                0x0000000008000844                __sfp
                0x00000000080009bc                _cleanup
                0x00000000080009d0                __sinit
                0x00000000080009d8                __sfp_lock_acquire
                0x00000000080009dc                __sfp_lock_release
                0x00000000080009e0                __sinit_lock_acquire
                0x00000000080009e4                __sinit_lock_release
                0x00000000080009e8                __fp_lock_all
                0x00000000080009fc                __fp_unlock_all
 .text          0x0000000008000a10       0xa0 /usr/lib/gcc/arm-none-eabi/9.2.1/../../../arm-none-eabi/lib/thumb/v7e-m+fp/hard/libc_nano.a(lib_a-fwalk.o)
                0x0000000008000a10                _fwalk
                0x0000000008000a5c                _fwalk_reent
 .text          0x0000000008000ab0       0xf0 /usr/lib/gcc/arm-none-eabi/9.2.1/../../../arm-none-eabi/lib/thumb/v7e-m+fp/hard/libc_nano.a(lib_a-makebuf.o)
                0x0000000008000ab0                __swhatbuf_r
                0x0000000008000b0c                __smakebuf_r
 .text          0x0000000008000ba0       0xac /usr/lib/gcc/arm-none-eabi/9.2.1/../../../arm-none-eabi/lib/thumb/v7e-m+fp/hard/libc_nano.a(lib_a-nano-freer.o)
                0x0000000008000ba0                _free_r
 .text          0x0000000008000c4c       0xc8 /usr/lib/gcc/arm-none-eabi/9.2.1/../../../arm-none-eabi/lib/thumb/v7e-m+fp/hard/libc_nano.a(lib_a-nano-mallocr.o)
                0x0000000008000c4c                _malloc_r
 .text          0x0000000008000d14      0x364 /usr/lib/gcc/arm-none-eabi/9.2.1/../../../arm-none-eabi/lib/thumb/v7e-m+fp/hard/libc_nano.a(lib_a-nano-vfprintf.o)
                0x0000000008000d50                __sfputs_r
                0x0000000008000d80                __sprint_r
                0x0000000008000d9c                _vfiprintf_r
                0x0000000008000d9c                _vfprintf_r
                0x0000000008001060                vfiprintf
                0x0000000008001060                vfprintf
 .text          0x0000000008001078      0x3c4 /usr/lib/gcc/arm-none-eabi/9.2.1/../../../arm-none-eabi/lib/thumb/v7e-m+fp/hard/libc_nano.a(lib_a-nano-vfprintf_i.o)
                0x0000000008001078                _printf_common
                0x00000000080011a4                _printf_i
 .text          0x000000000800143c       0x24 /usr/lib/gcc/arm-none-eabi/9.2.1/../../../arm-none-eabi/lib/thumb/v7e-m+fp/hard/libc_nano.a(lib_a-sbrkr.o)
                0x000000000800143c                _sbrk_r
 .text          0x0000000008001460       0x90 /usr/lib/gcc/arm-none-eabi/9.2.1/../../../arm-none-eabi/lib/thumb/v7e-m+fp/hard/libc_nano.a(lib_a-stdio.o)
                0x0000000008001460                __sread
                0x0000000008001484                __seofread
                0x0000000008001488                __swrite
                0x00000000080014c8                __sseek
                0x00000000080014e8                __sclose
 .text          0x00000000080014f0       0x2c /usr/lib/gcc/arm-none-eabi/9.2.1/../../../arm-none-eabi/lib/thumb/v7e-m+fp/hard/libc_nano.a(lib_a-writer.o)
                0x00000000080014f0                _write_r
 .text          0x000000000800151c       0x24 /usr/lib/gcc/arm-none-eabi/9.2.1/../../../arm-none-eabi/lib/thumb/v7e-m+fp/hard/libc_nano.a(lib_a-closer.o)
                0x000000000800151c                _close_r
 .text          0x0000000008001540       0x28 /usr/lib/gcc/arm-none-eabi/9.2.1/../../../arm-none-eabi/lib/thumb/v7e-m+fp/hard/libc_nano.a(lib_a-fstatr.o)
                0x0000000008001540                _fstat_r
 .text          0x0000000008001568      0x308 /usr/lib/gcc/arm-none-eabi/9.2.1/../../../arm-none-eabi/lib/thumb/v7e-m+fp/hard/libc_nano.a(lib_a-fvwrite.o)
                0x0000000008001568                __sfvwrite_r
 .text          0x0000000008001870       0x24 /usr/lib/gcc/arm-none-eabi/9.2.1/../../../arm-none-eabi/lib/thumb/v7e-m+fp/hard/libc_nano.a(lib_a-isattyr.o)
                0x0000000008001870                _isatty_r
 .text          0x0000000008001894       0x2c /usr/lib/gcc/arm-none-eabi/9.2.1/../../../arm-none-eabi/lib/thumb/v7e-m+fp/hard/libc_nano.a(lib_a-lseekr.o)
                0x0000000008001894                _lseek_r
 .text          0x00000000080018c0       0xa0 /usr/lib/gcc/arm-none-eabi/9.2.1/../../../arm-none-eabi/lib/thumb/v7e-m+fp/hard/libc_nano.a(lib_a-memchr.o)
                0x00000000080018c0                memchr
 .text          0x0000000008001960      0x134 /usr/lib/gcc/arm-none-eabi/9.2.1/../../../arm-none-eabi/lib/thumb/v7e-m+fp/hard/libc_nano.a(lib_a-memcpy.o)
                0x0000000008001960                memcpy
 .text          0x0000000008001a94       0xd0 /usr/lib/gcc/arm-none-eabi/9.2.1/../../../arm-none-eabi/lib/thumb/v7e-m+fp/hard/libc_nano.a(lib_a-memmove.o)
                0x0000000008001a94                memmove
 .text          0x0000000008001b64        0x8 /usr/lib/gcc/arm-none-eabi/9.2.1/../../../arm-none-eabi/lib/thumb/v7e-m+fp/hard/libc_nano.a(lib_a-mlock.o)
                0x0000000008001b64                __malloc_lock
                0x0000000008001b68                __malloc_unlock
 .text          0x0000000008001b6c       0x4c /usr/lib/gcc/arm-none-eabi/9.2.1/../../../arm-none-eabi/lib/thumb/v7e-m+fp/hard/libc_nano.a(lib_a-nano-reallocr.o)
                0x0000000008001b6c                _realloc_r
 .text          0x0000000008001bb8       0x2c /usr/lib/gcc/arm-none-eabi/9.2.1/../../../arm-none-eabi/lib/thumb/v7e-m+fp/hard/libc_nano.a(lib_a-readr.o)
                0x0000000008001bb8                _read_r
 .text          0x0000000008001be4       0x10 /usr/lib/gcc/arm-none-eabi/9.2.1/../../../arm-none-eabi/lib/thumb/v7e-m+fp/hard/libc_nano.a(lib_a-nano-msizer.o)
                0x0000000008001be4                _malloc_usable_size_r
 .text          0x0000000008001bf4       0x10 /usr/lib/gcc/arm-none-eabi/9.2.1/../../../arm-none-eabi/lib/thumb/v7e-m+fp/hard/libnosys.a(close.o)
                0x0000000008001bf4                _close
 .text          0x0000000008001c04       0x10 /usr/lib/gcc/arm-none-eabi/9.2.1/../../../arm-none-eabi/lib/thumb/v7e-m+fp/hard/libnosys.a(fstat.o)
                0x0000000008001c04                _fstat
 .text          0x0000000008001c14       0x10 /usr/lib/gcc/arm-none-eabi/9.2.1/../../../arm-none-eabi/lib/thumb/v7e-m+fp/hard/libnosys.a(isatty.o)
                0x0000000008001c14                _isatty
 .text          0x0000000008001c24       0x10 /usr/lib/gcc/arm-none-eabi/9.2.1/../../../arm-none-eabi/lib/thumb/v7e-m+fp/hard/libnosys.a(lseek.o)
                0x0000000008001c24                _lseek
 .text          0x0000000008001c34       0x10 /usr/lib/gcc/arm-none-eabi/9.2.1/../../../arm-none-eabi/lib/thumb/v7e-m+fp/hard/libnosys.a(read.o)
                0x0000000008001c34                _read
 .text          0x0000000008001c44       0x1c /usr/lib/gcc/arm-none-eabi/9.2.1/../../../arm-none-eabi/lib/thumb/v7e-m+fp/hard/libnosys.a(sbrk.o)
                0x0000000008001c44                _sbrk
 .text          0x0000000008001c60       0x30 /usr/lib/gcc/arm-none-eabi/9.2.1/thumb/v7e-m+fp/hard/libgcc.a(_aeabi_uldivmod.o)
                0x0000000008001c60                __aeabi_uldivmod
 .text          0x0000000008001c90      0x2c4 /usr/lib/gcc/arm-none-eabi/9.2.1/thumb/v7e-m+fp/hard/libgcc.a(_udivmoddi4.o)
                0x0000000008001c90                __udivmoddi4
 .text          0x0000000008001f54        0x4 /usr/lib/gcc/arm-none-eabi/9.2.1/thumb/v7e-m+fp/hard/libgcc.a(_dvmd_tls.o)
                0x0000000008001f54                __aeabi_ldiv0
                0x0000000008001f54                __aeabi_idiv0
 *(.text*)
 .text._write   0x0000000008001f58       0x48 build/main.o
                0x0000000008001f58                _write
 .text.Error_Handler
                0x0000000008001fa0        0x4 build/main.o
                0x0000000008001fa0                Error_Handler
 .text.SystemClock_Config
                0x0000000008001fa4       0xa0 build/main.o
                0x0000000008001fa4                SystemClock_Config
 .text.main     0x0000000008002044      0x100 build/main.o
                0x0000000008002044                main
 .text.NMI_Handler
                0x0000000008002144        0x2 build/stm32f4xx_it.o
                0x0000000008002144                NMI_Handler
 .text.HardFault_Handler
                0x0000000008002146        0x2 build/stm32f4xx_it.o
                0x0000000008002146                HardFault_Handler
 .text.MemManage_Handler
                0x0000000008002148        0x2 build/stm32f4xx_it.o
                0x0000000008002148                MemManage_Handler
 .text.BusFault_Handler
                0x000000000800214a        0x2 build/stm32f4xx_it.o
                0x000000000800214a                BusFault_Handler
 .text.UsageFault_Handler
                0x000000000800214c        0x2 build/stm32f4xx_it.o
                0x000000000800214c                UsageFault_Handler
 .text.SVC_Handler
                0x000000000800214e        0x2 build/stm32f4xx_it.o
                0x000000000800214e                SVC_Handler
 .text.DebugMon_Handler
                0x0000000008002150        0x2 build/stm32f4xx_it.o
                0x0000000008002150                DebugMon_Handler
 .text.PendSV_Handler
                0x0000000008002152        0x2 build/stm32f4xx_it.o
                0x0000000008002152                PendSV_Handler
 .text.SysTick_Handler
                0x0000000008002154        0x8 build/stm32f4xx_it.o
                0x0000000008002154                SysTick_Handler
 .text.DMA2_Stream0_IRQHandler
                0x000000000800215c       0x10 build/stm32f4xx_it.o
                0x000000000800215c                DMA2_Stream0_IRQHandler
 .text.HAL_MspInit
                0x000000000800216c       0x38 build/stm32f4xx_hal_msp.o
                0x000000000800216c                HAL_MspInit
 .text.TIM_OC1_SetConfig
                0x00000000080021a4       0x68 build/stm32f4xx_hal_tim.o
 .text.TIM_OC3_SetConfig
                0x000000000800220c       0x70 build/stm32f4xx_hal_tim.o
 .text.TIM_OC4_SetConfig
                0x000000000800227c       0x50 build/stm32f4xx_hal_tim.o
 .text.TIM_TI1_ConfigInputStage
                0x00000000080022cc       0x24 build/stm32f4xx_hal_tim.o
 .text.TIM_TI2_ConfigInputStage
                0x00000000080022f0       0x26 build/stm32f4xx_hal_tim.o
 .text.TIM_ITRx_SetConfig
                0x0000000008002316       0x10 build/stm32f4xx_hal_tim.o
 .text.HAL_TIM_OC_MspInit
                0x0000000008002326        0x2 build/stm32f4xx_hal_tim.o
                0x0000000008002326                HAL_TIM_OC_MspInit
 .text.HAL_TIM_PWM_MspInit
                0x0000000008002328        0x2 build/stm32f4xx_hal_tim.o
                0x0000000008002328                HAL_TIM_PWM_MspInit
 *fill*         0x000000000800232a        0x2 
 .text.TIM_Base_SetConfig
                0x000000000800232c       0xc8 build/stm32f4xx_hal_tim.o
                0x000000000800232c                TIM_Base_SetConfig
 .text.HAL_TIM_Base_Init
                0x00000000080023f4       0x58 build/stm32f4xx_hal_tim.o
                0x00000000080023f4                HAL_TIM_Base_Init
 .text.HAL_TIM_OC_Init
                0x000000000800244c       0x58 build/stm32f4xx_hal_tim.o
                0x000000000800244c                HAL_TIM_OC_Init
 .text.HAL_TIM_PWM_Init
                0x00000000080024a4       0x58 build/stm32f4xx_hal_tim.o
                0x00000000080024a4                HAL_TIM_PWM_Init
 .text.HAL_TIM_Encoder_Init
                0x00000000080024fc       0xb0 build/stm32f4xx_hal_tim.o
                0x00000000080024fc                HAL_TIM_Encoder_Init
 .text.TIM_OC2_SetConfig
                0x00000000080025ac       0x70 build/stm32f4xx_hal_tim.o
                0x00000000080025ac                TIM_OC2_SetConfig
 .text.HAL_TIM_OC_ConfigChannel
                0x000000000800261c       0x5e build/stm32f4xx_hal_tim.o
                0x000000000800261c                HAL_TIM_OC_ConfigChannel
 .text.HAL_TIM_PWM_ConfigChannel
                0x000000000800267a       0xdc build/stm32f4xx_hal_tim.o
                0x000000000800267a                HAL_TIM_PWM_ConfigChannel
 .text.TIM_ETR_SetConfig
                0x0000000008002756       0x18 build/stm32f4xx_hal_tim.o
                0x0000000008002756                TIM_ETR_SetConfig
 .text.HAL_TIM_ConfigClockSource
                0x000000000800276e       0xfe build/stm32f4xx_hal_tim.o
                0x000000000800276e                HAL_TIM_ConfigClockSource
 .text.TIM_CCxChannelCmd
                0x000000000800286c       0x24 build/stm32f4xx_hal_tim.o
                0x000000000800286c                TIM_CCxChannelCmd
 .text.HAL_TIM_OC_Start_IT
                0x0000000008002890      0x14c build/stm32f4xx_hal_tim.o
                0x0000000008002890                HAL_TIM_OC_Start_IT
 .text.HAL_TIM_PWM_Start
                0x00000000080029dc      0x104 build/stm32f4xx_hal_tim.o
                0x00000000080029dc                HAL_TIM_PWM_Start
 .text.TIM_CCxNChannelCmd
                0x0000000008002ae0       0x24 build/stm32f4xx_hal_tim_ex.o
 .text.HAL_TIMEx_OCN_Start_IT
                0x0000000008002b04      0x130 build/stm32f4xx_hal_tim_ex.o
                0x0000000008002b04                HAL_TIMEx_OCN_Start_IT
 .text.HAL_TIMEx_MasterConfigSynchronization
                0x0000000008002c34       0x88 build/stm32f4xx_hal_tim_ex.o
                0x0000000008002c34                HAL_TIMEx_MasterConfigSynchronization
 .text.HAL_TIMEx_ConfigBreakDeadTime
                0x0000000008002cbc       0x52 build/stm32f4xx_hal_tim_ex.o
                0x0000000008002cbc                HAL_TIMEx_ConfigBreakDeadTime
 *fill*         0x0000000008002d0e        0x2 
 .text.HAL_RCC_GetSysClockFreq
                0x0000000008002d10       0xa0 build/stm32f4xx_hal_rcc.o
                0x0000000008002d10                HAL_RCC_GetSysClockFreq
 .text.HAL_RCC_ClockConfig
                0x0000000008002db0      0x160 build/stm32f4xx_hal_rcc.o
                0x0000000008002db0                HAL_RCC_ClockConfig
 .text.HAL_RCC_GetHCLKFreq
                0x0000000008002f10        0xc build/stm32f4xx_hal_rcc.o
                0x0000000008002f10                HAL_RCC_GetHCLKFreq
 .text.HAL_RCC_GetPCLK1Freq
                0x0000000008002f1c       0x20 build/stm32f4xx_hal_rcc.o
                0x0000000008002f1c                HAL_RCC_GetPCLK1Freq
 .text.HAL_RCC_GetPCLK2Freq
                0x0000000008002f3c       0x20 build/stm32f4xx_hal_rcc.o
                0x0000000008002f3c                HAL_RCC_GetPCLK2Freq
 .text.HAL_RCC_OscConfig
                0x0000000008002f5c      0x40c build/stm32f4xx_hal_rcc_ex.o
                0x0000000008002f5c                HAL_RCC_OscConfig
 .text.HAL_GPIO_Init
                0x0000000008003368      0x198 build/stm32f4xx_hal_gpio.o
                0x0000000008003368                HAL_GPIO_Init
 .text.HAL_GPIO_WritePin
                0x0000000008003500        0xc build/stm32f4xx_hal_gpio.o
                0x0000000008003500                HAL_GPIO_WritePin
 .text.DMA_SetConfig
                0x000000000800350c       0x2c build/stm32f4xx_hal_dma.o
 .text.DMA_CalcBaseAndBitshift
                0x0000000008003538       0x44 build/stm32f4xx_hal_dma.o
 .text.DMA_CheckFifoParam
                0x000000000800357c       0x8e build/stm32f4xx_hal_dma.o
 *fill*         0x000000000800360a        0x2 
 .text.HAL_DMA_Init
                0x000000000800360c       0xcc build/stm32f4xx_hal_dma.o
                0x000000000800360c                HAL_DMA_Init
 .text.HAL_DMA_Start_IT
                0x00000000080036d8       0x6a build/stm32f4xx_hal_dma.o
                0x00000000080036d8                HAL_DMA_Start_IT
 *fill*         0x0000000008003742        0x2 
 .text.HAL_DMA_IRQHandler
                0x0000000008003744      0x1dc build/stm32f4xx_hal_dma.o
                0x0000000008003744                HAL_DMA_IRQHandler
 .text.HAL_NVIC_SetPriorityGrouping
                0x0000000008003920       0x24 build/stm32f4xx_hal_cortex.o
                0x0000000008003920                HAL_NVIC_SetPriorityGrouping
 .text.HAL_NVIC_SetPriority
                0x0000000008003944       0x68 build/stm32f4xx_hal_cortex.o
                0x0000000008003944                HAL_NVIC_SetPriority
 .text.HAL_NVIC_EnableIRQ
                0x00000000080039ac       0x1c build/stm32f4xx_hal_cortex.o
                0x00000000080039ac                HAL_NVIC_EnableIRQ
 .text.HAL_SYSTICK_Config
                0x00000000080039c8       0x2c build/stm32f4xx_hal_cortex.o
                0x00000000080039c8                HAL_SYSTICK_Config
 .text.HAL_InitTick
                0x00000000080039f4       0x4c build/stm32f4xx_hal.o
                0x00000000080039f4                HAL_InitTick
 .text.HAL_Init
                0x0000000008003a40       0x34 build/stm32f4xx_hal.o
                0x0000000008003a40                HAL_Init
 .text.HAL_IncTick
                0x0000000008003a74       0x18 build/stm32f4xx_hal.o
                0x0000000008003a74                HAL_IncTick
 .text.HAL_GetTick
                0x0000000008003a8c        0xc build/stm32f4xx_hal.o
                0x0000000008003a8c                HAL_GetTick
 .text.HAL_Delay
                0x0000000008003a98       0x28 build/stm32f4xx_hal.o
                0x0000000008003a98                HAL_Delay
 .text.SystemInit
                0x0000000008003ac0       0x14 build/system_stm32f4xx.o
                0x0000000008003ac0                SystemInit
 .text.ADC_Init
                0x0000000008003ad4      0x134 build/stm32f4xx_hal_adc.o
 .text.HAL_ADC_Init
                0x0000000008003c08       0x56 build/stm32f4xx_hal_adc.o
                0x0000000008003c08                HAL_ADC_Init
 *fill*         0x0000000008003c5e        0x2 
 .text.HAL_ADC_Start_DMA
                0x0000000008003c60      0x164 build/stm32f4xx_hal_adc.o
                0x0000000008003c60                HAL_ADC_Start_DMA
 .text.HAL_ADC_ConvCpltCallback
                0x0000000008003dc4        0x2 build/stm32f4xx_hal_adc.o
                0x0000000008003dc4                HAL_ADC_ConvCpltCallback
 .text.HAL_ADC_ConvHalfCpltCallback
                0x0000000008003dc6        0x2 build/stm32f4xx_hal_adc.o
                0x0000000008003dc6                HAL_ADC_ConvHalfCpltCallback
 .text.ADC_DMAHalfConvCplt
                0x0000000008003dc8        0xa build/stm32f4xx_hal_adc.o
 .text.HAL_ADC_ErrorCallback
                0x0000000008003dd2        0x2 build/stm32f4xx_hal_adc.o
                0x0000000008003dd2                HAL_ADC_ErrorCallback
 .text.ADC_DMAError
                0x0000000008003dd4       0x16 build/stm32f4xx_hal_adc.o
 .text.ADC_DMAConvCplt
                0x0000000008003dea       0x72 build/stm32f4xx_hal_adc.o
 .text.HAL_ADC_ConfigChannel
                0x0000000008003e5c      0x190 build/stm32f4xx_hal_adc.o
                0x0000000008003e5c                HAL_ADC_ConfigChannel
 .text.SPI_WaitFlagStateUntilTimeout
                0x0000000008003fec       0xd0 build/stm32f4xx_hal_spi.o
 .text.SPI_EndRxTxTransaction
                0x00000000080040bc       0x68 build/stm32f4xx_hal_spi.o
 .text.SPI_EndRxTransaction
                0x0000000008004124       0x8c build/stm32f4xx_hal_spi.o
 .text.HAL_SPI_Init
                0x00000000080041b0       0xbe build/stm32f4xx_hal_spi.o
                0x00000000080041b0                HAL_SPI_Init
 .text.HAL_SPI_Transmit
                0x000000000800426e      0x1ae build/stm32f4xx_hal_spi.o
                0x000000000800426e                HAL_SPI_Transmit
 .text.HAL_SPI_TransmitReceive
                0x000000000800441c      0x238 build/stm32f4xx_hal_spi.o
                0x000000000800441c                HAL_SPI_TransmitReceive
 .text.HAL_SPI_Receive
                0x0000000008004654      0x174 build/stm32f4xx_hal_spi.o
                0x0000000008004654                HAL_SPI_Receive
 .text.MX_GPIO_Init
                0x00000000080047c8       0xe4 build/gpio.o
                0x00000000080047c8                MX_GPIO_Init
 .text.MX_ADC1_Init
                0x00000000080048ac       0xdc build/adc.o
                0x00000000080048ac                MX_ADC1_Init
 .text.HAL_ADC_MspInit
                0x0000000008004988       0xd4 build/adc.o
                0x0000000008004988                HAL_ADC_MspInit
 .text.MX_DMA_Init
                0x0000000008004a5c       0x34 build/dma.o
                0x0000000008004a5c                MX_DMA_Init
 .text.MX_SPI2_Init
                0x0000000008004a90       0x48 build/spi.o
                0x0000000008004a90                MX_SPI2_Init
 .text.MX_SPI3_Init
                0x0000000008004ad8       0x44 build/spi.o
                0x0000000008004ad8                MX_SPI3_Init
 .text.HAL_SPI_MspInit
                0x0000000008004b1c       0xe0 build/spi.o
                0x0000000008004b1c                HAL_SPI_MspInit
 .text.MX_TIM3_Init
                0x0000000008004bfc       0x64 build/tim.o
                0x0000000008004bfc                MX_TIM3_Init
 .text.MX_TIM4_Init
                0x0000000008004c60       0x64 build/tim.o
                0x0000000008004c60                MX_TIM4_Init
 .text.HAL_TIM_Base_MspInit
                0x0000000008004cc4       0x98 build/tim.o
                0x0000000008004cc4                HAL_TIM_Base_MspInit
 .text.HAL_TIM_Encoder_MspInit
                0x0000000008004d5c       0xc0 build/tim.o
                0x0000000008004d5c                HAL_TIM_Encoder_MspInit
 .text.HAL_TIM_MspPostInit
                0x0000000008004e1c      0x140 build/tim.o
                0x0000000008004e1c                HAL_TIM_MspPostInit
 .text.MX_TIM1_Init
                0x0000000008004f5c       0xe8 build/tim.o
                0x0000000008004f5c                MX_TIM1_Init
 .text.MX_TIM2_Init
                0x0000000008005044       0xa8 build/tim.o
                0x0000000008005044                MX_TIM2_Init
 .text.MX_TIM5_Init
                0x00000000080050ec       0xac build/tim.o
                0x00000000080050ec                MX_TIM5_Init
 .text.MX_TIM10_Init
                0x0000000008005198       0x74 build/tim.o
                0x0000000008005198                MX_TIM10_Init
 .text.MX_USART1_UART_Init
                0x000000000800520c       0x34 build/usart.o
                0x000000000800520c                MX_USART1_UART_Init
 .text.HAL_UART_MspInit
                0x0000000008005240       0x74 build/usart.o
                0x0000000008005240                HAL_UART_MspInit
 .text.UART_SetConfig
                0x00000000080052b4      0x11c build/stm32f4xx_hal_uart.o
 .text.HAL_UART_Init
                0x00000000080053d0       0x5e build/stm32f4xx_hal_uart.o
                0x00000000080053d0                HAL_UART_Init
 *fill*         0x000000000800542e        0x2 
 .text.write_byte
                0x0000000008005430       0x50 build/ICM_20648.o
                0x0000000008005430                write_byte
 .text.IMU_init
                0x0000000008005480       0x88 build/ICM_20648.o
                0x0000000008005480                IMU_init
 .text.read_gyro_data
                0x0000000008005508      0x19c build/ICM_20648.o
                0x0000000008005508                read_gyro_data
 .text.Motor_PWM_Start
                0x00000000080056a4       0x40 build/Motor_Driver.o
                0x00000000080056a4                Motor_PWM_Start
 .text.Motor_Switch
                0x00000000080056e4       0x7c build/Motor_Driver.o
                0x00000000080056e4                Motor_Switch
 .text.Reset_Handler
                0x0000000008005760       0x50 build/startup_stm32f412cx.o
                0x0000000008005760                Reset_Handler
 .text.Default_Handler
                0x00000000080057b0        0x2 build/startup_stm32f412cx.o
                0x00000000080057b0                RTC_Alarm_IRQHandler
                0x00000000080057b0                EXTI2_IRQHandler
                0x00000000080057b0                TIM8_CC_IRQHandler
                0x00000000080057b0                FMPI2C1_EV_IRQHandler
                0x00000000080057b0                SPI4_IRQHandler
                0x00000000080057b0                TIM1_CC_IRQHandler
                0x00000000080057b0                DMA2_Stream5_IRQHandler
                0x00000000080057b0                DMA1_Stream5_IRQHandler
                0x00000000080057b0                TIM6_IRQHandler
                0x00000000080057b0                PVD_IRQHandler
                0x00000000080057b0                SDIO_IRQHandler
                0x00000000080057b0                TAMP_STAMP_IRQHandler
                0x00000000080057b0                CAN2_RX1_IRQHandler
                0x00000000080057b0                EXTI3_IRQHandler
                0x00000000080057b0                TIM8_TRG_COM_TIM14_IRQHandler
                0x00000000080057b0                DFSDM1_FLT1_IRQHandler
                0x00000000080057b0                TIM1_UP_TIM10_IRQHandler
                0x00000000080057b0                TIM8_UP_TIM13_IRQHandler
                0x00000000080057b0                I2C3_ER_IRQHandler
                0x00000000080057b0                EXTI0_IRQHandler
                0x00000000080057b0                I2C2_EV_IRQHandler
                0x00000000080057b0                DMA1_Stream2_IRQHandler
                0x00000000080057b0                CAN1_RX0_IRQHandler
                0x00000000080057b0                FPU_IRQHandler
                0x00000000080057b0                CAN2_SCE_IRQHandler
                0x00000000080057b0                DMA2_Stream2_IRQHandler
                0x00000000080057b0                SPI1_IRQHandler
                0x00000000080057b0                TIM1_BRK_TIM9_IRQHandler
                0x00000000080057b0                CAN2_RX0_IRQHandler
                0x00000000080057b0                DMA2_Stream3_IRQHandler
                0x00000000080057b0                USART6_IRQHandler
                0x00000000080057b0                USART3_IRQHandler
                0x00000000080057b0                CAN1_RX1_IRQHandler
                0x00000000080057b0                TIM4_IRQHandler
                0x00000000080057b0                I2C1_EV_IRQHandler
                0x00000000080057b0                DMA1_Stream6_IRQHandler
                0x00000000080057b0                DMA1_Stream1_IRQHandler
                0x00000000080057b0                TIM3_IRQHandler
                0x00000000080057b0                RCC_IRQHandler
                0x00000000080057b0                TIM8_BRK_TIM12_IRQHandler
                0x00000000080057b0                Default_Handler
                0x00000000080057b0                EXTI15_10_IRQHandler
                0x00000000080057b0                ADC_IRQHandler
                0x00000000080057b0                DMA1_Stream7_IRQHandler
                0x00000000080057b0                SPI5_IRQHandler
                0x00000000080057b0                TIM7_IRQHandler
                0x00000000080057b0                CAN2_TX_IRQHandler
                0x00000000080057b0                TIM5_IRQHandler
                0x00000000080057b0                DMA2_Stream7_IRQHandler
                0x00000000080057b0                I2C3_EV_IRQHandler
                0x00000000080057b0                EXTI9_5_IRQHandler
                0x00000000080057b0                RTC_WKUP_IRQHandler
                0x00000000080057b0                SPI2_IRQHandler
                0x00000000080057b0                DMA1_Stream0_IRQHandler
                0x00000000080057b0                CAN1_TX_IRQHandler
                0x00000000080057b0                FMPI2C1_ER_IRQHandler
                0x00000000080057b0                EXTI4_IRQHandler
                0x00000000080057b0                RNG_IRQHandler
                0x00000000080057b0                WWDG_IRQHandler
                0x00000000080057b0                TIM2_IRQHandler
                0x00000000080057b0                OTG_FS_WKUP_IRQHandler
                0x00000000080057b0                TIM1_TRG_COM_TIM11_IRQHandler
                0x00000000080057b0                EXTI1_IRQHandler
                0x00000000080057b0                USART2_IRQHandler
                0x00000000080057b0                DFSDM1_FLT0_IRQHandler
                0x00000000080057b0                I2C2_ER_IRQHandler
                0x00000000080057b0                DMA2_Stream1_IRQHandler
                0x00000000080057b0                CAN1_SCE_IRQHandler
                0x00000000080057b0                FLASH_IRQHandler
                0x00000000080057b0                DMA2_Stream4_IRQHandler
                0x00000000080057b0                USART1_IRQHandler
                0x00000000080057b0                OTG_FS_IRQHandler
                0x00000000080057b0                SPI3_IRQHandler
                0x00000000080057b0                DMA1_Stream4_IRQHandler
                0x00000000080057b0                I2C1_ER_IRQHandler
                0x00000000080057b0                DMA2_Stream6_IRQHandler
                0x00000000080057b0                DMA1_Stream3_IRQHandler
 *(.glue_7)
 .glue_7        0x00000000080057b2        0x0 linker stubs
 *(.glue_7t)
 .glue_7t       0x00000000080057b2        0x0 linker stubs
 *(.eh_frame)
 *fill*         0x00000000080057b2        0x2 
 .eh_frame      0x00000000080057b4        0x0 /usr/lib/gcc/arm-none-eabi/9.2.1/thumb/v7e-m+fp/hard/crtbegin.o
 *(.init)
 .init          0x00000000080057b4        0x4 /usr/lib/gcc/arm-none-eabi/9.2.1/thumb/v7e-m+fp/hard/crti.o
                0x00000000080057b4                _init
 .init          0x00000000080057b8        0x8 /usr/lib/gcc/arm-none-eabi/9.2.1/thumb/v7e-m+fp/hard/crtn.o
 *(.fini)
 .fini          0x00000000080057c0        0x4 /usr/lib/gcc/arm-none-eabi/9.2.1/thumb/v7e-m+fp/hard/crti.o
                0x00000000080057c0                _fini
 .fini          0x00000000080057c4        0x8 /usr/lib/gcc/arm-none-eabi/9.2.1/thumb/v7e-m+fp/hard/crtn.o
                0x00000000080057cc                . = ALIGN (0x4)
                0x00000000080057cc                _etext = .

.vfp11_veneer   0x00000000080057cc        0x0
 .vfp11_veneer  0x00000000080057cc        0x0 linker stubs

.v4_bx          0x00000000080057cc        0x0
 .v4_bx         0x00000000080057cc        0x0 linker stubs

.iplt           0x00000000080057cc        0x0
 .iplt          0x00000000080057cc        0x0 /usr/lib/gcc/arm-none-eabi/9.2.1/thumb/v7e-m+fp/hard/crtbegin.o

.rodata         0x00000000080057cc       0xe8
                0x00000000080057cc                . = ALIGN (0x4)
 *(.rodata)
 .rodata        0x00000000080057cc        0x4 /usr/lib/gcc/arm-none-eabi/9.2.1/../../../arm-none-eabi/lib/thumb/v7e-m+fp/hard/libc_nano.a(lib_a-impure.o)
                0x00000000080057cc                _global_impure_ptr
 .rodata        0x00000000080057d0       0x60 /usr/lib/gcc/arm-none-eabi/9.2.1/../../../arm-none-eabi/lib/thumb/v7e-m+fp/hard/libc_nano.a(lib_a-findfp.o)
                0x00000000080057d0                __sf_fake_stderr
                0x00000000080057f0                __sf_fake_stdout
                0x0000000008005810                __sf_fake_stdin
 *(.rodata*)
 .rodata.main.str1.4
                0x0000000008005830       0x27 build/main.o
 *fill*         0x0000000008005857        0x1 
 .rodata.flagBitshiftOffset.8822
                0x0000000008005858        0x8 build/stm32f4xx_hal_dma.o
 .rodata.AHBPrescTable
                0x0000000008005860       0x10 build/system_stm32f4xx.o
                0x0000000008005860                AHBPrescTable
 .rodata.APBPrescTable
                0x0000000008005870        0x8 build/system_stm32f4xx.o
                0x0000000008005870                APBPrescTable
 .rodata.str1.4
                0x0000000008005878       0x13 /usr/lib/gcc/arm-none-eabi/9.2.1/../../../arm-none-eabi/lib/thumb/v7e-m+fp/hard/libc_nano.a(lib_a-nano-vfprintf.o)
 *fill*         0x000000000800588b        0x1 
 .rodata.str1.4
                0x000000000800588c       0x25 /usr/lib/gcc/arm-none-eabi/9.2.1/../../../arm-none-eabi/lib/thumb/v7e-m+fp/hard/libc_nano.a(lib_a-nano-vfprintf_i.o)
                0x00000000080058b4                . = ALIGN (0x4)
 *fill*         0x00000000080058b1        0x3 

.ARM.extab
 *(.ARM.extab* .gnu.linkonce.armextab.*)

.ARM            0x00000000080058b4        0x8
                0x00000000080058b4                __exidx_start = .
 *(.ARM.exidx*)
 .ARM.exidx     0x00000000080058b4        0x8 /usr/lib/gcc/arm-none-eabi/9.2.1/thumb/v7e-m+fp/hard/libgcc.a(_udivmoddi4.o)
                0x00000000080058bc                __exidx_end = .

.rel.dyn        0x00000000080058bc        0x0
 .rel.iplt      0x00000000080058bc        0x0 /usr/lib/gcc/arm-none-eabi/9.2.1/thumb/v7e-m+fp/hard/crtbegin.o

.preinit_array  0x00000000080058bc        0x0
                0x00000000080058bc                PROVIDE (__preinit_array_start = .)
 *(.preinit_array*)
                0x00000000080058bc                PROVIDE (__preinit_array_end = .)

.init_array     0x00000000080058bc        0x4
                0x00000000080058bc                PROVIDE (__init_array_start = .)
 *(SORT_BY_NAME(.init_array.*))
 *(.init_array*)
 .init_array    0x00000000080058bc        0x4 /usr/lib/gcc/arm-none-eabi/9.2.1/thumb/v7e-m+fp/hard/crtbegin.o
                0x00000000080058c0                PROVIDE (__init_array_end = .)

.fini_array     0x00000000080058c0        0x4
                0x00000000080058c0                PROVIDE (__fini_array_start = .)
 *(SORT_BY_NAME(.fini_array.*))
 *(.fini_array*)
 .fini_array    0x00000000080058c0        0x4 /usr/lib/gcc/arm-none-eabi/9.2.1/thumb/v7e-m+fp/hard/crtbegin.o
                0x00000000080058c4                PROVIDE (__fini_array_end = .)
                0x00000000080058c4                _sidata = LOADADDR (.data)

.data           0x0000000020000000       0x70 load address 0x00000000080058c4
                0x0000000020000000                . = ALIGN (0x4)
                0x0000000020000000                _sdata = .
 *(.data)
 .data          0x0000000020000000       0x64 /usr/lib/gcc/arm-none-eabi/9.2.1/../../../arm-none-eabi/lib/thumb/v7e-m+fp/hard/libc_nano.a(lib_a-impure.o)
                0x0000000020000000                _impure_ptr
 *(.data*)
 .data.uwTickFreq
                0x0000000020000064        0x1 build/stm32f4xx_hal.o
                0x0000000020000064                uwTickFreq
 *fill*         0x0000000020000065        0x3 
 .data.uwTickPrio
                0x0000000020000068        0x4 build/stm32f4xx_hal.o
                0x0000000020000068                uwTickPrio
 .data.SystemCoreClock
                0x000000002000006c        0x4 build/system_stm32f4xx.o
                0x000000002000006c                SystemCoreClock
                0x0000000020000070                . = ALIGN (0x4)
                0x0000000020000070                _edata = .

.tm_clone_table
                0x0000000020000070        0x0 load address 0x0000000008005934
 .tm_clone_table
                0x0000000020000070        0x0 /usr/lib/gcc/arm-none-eabi/9.2.1/thumb/v7e-m+fp/hard/crtbegin.o
 .tm_clone_table
                0x0000000020000070        0x0 /usr/lib/gcc/arm-none-eabi/9.2.1/thumb/v7e-m+fp/hard/crtend.o

.igot.plt       0x0000000020000070        0x0 load address 0x0000000008005934
 .igot.plt      0x0000000020000070        0x0 /usr/lib/gcc/arm-none-eabi/9.2.1/thumb/v7e-m+fp/hard/crtbegin.o
                0x0000000020000070                . = ALIGN (0x4)

.bss            0x0000000020000070      0x388 load address 0x0000000008005934
                0x0000000020000070                _sbss = .
                0x0000000020000070                __bss_start__ = _sbss
 *(.bss)
 .bss           0x0000000020000070       0x1c /usr/lib/gcc/arm-none-eabi/9.2.1/thumb/v7e-m+fp/hard/crtbegin.o
 .bss           0x000000002000008c        0x8 /usr/lib/gcc/arm-none-eabi/9.2.1/../../../arm-none-eabi/lib/thumb/v7e-m+fp/hard/libc_nano.a(lib_a-nano-mallocr.o)
                0x000000002000008c                __malloc_free_list
                0x0000000020000090                __malloc_sbrk_start
 .bss           0x0000000020000094        0x4 /usr/lib/gcc/arm-none-eabi/9.2.1/../../../arm-none-eabi/lib/thumb/v7e-m+fp/hard/libnosys.a(sbrk.o)
 *(.bss*)
 *(COMMON)
 COMMON         0x0000000020000098        0x4 build/stm32f4xx_hal.o
                0x0000000020000098                uwTick
 COMMON         0x000000002000009c       0xa8 build/adc.o
                0x000000002000009c                hadc1
                0x00000000200000e4                hdma_adc1
 COMMON         0x0000000020000144       0xb0 build/spi.o
                0x0000000020000144                hspi2
                0x000000002000019c                hspi3
 COMMON         0x00000000200001f4      0x1b0 build/tim.o
                0x00000000200001f4                htim4
                0x000000002000023c                htim10
                0x0000000020000284                htim5
                0x00000000200002cc                htim3
                0x0000000020000314                htim1
                0x000000002000035c                htim2
 COMMON         0x00000000200003a4       0x44 build/usart.o
                0x00000000200003a4                huart1
 COMMON         0x00000000200003e8        0xc build/ICM_20648.o
                0x00000000200003e8                zg
                0x00000000200003ea                za
                0x00000000200003ec                xa
                0x00000000200003ee                yg
                0x00000000200003f0                xg
                0x00000000200003f2                ya
 COMMON         0x00000000200003f4        0x4 /usr/lib/gcc/arm-none-eabi/9.2.1/../../../arm-none-eabi/lib/thumb/v7e-m+fp/hard/libc_nano.a(lib_a-reent.o)
                0x00000000200003f4                errno
                0x00000000200003f8                . = ALIGN (0x4)
                0x00000000200003f8                _ebss = .
                0x00000000200003f8                __bss_end__ = _ebss

._user_heap_stack
                0x00000000200003f8      0x600 load address 0x0000000008005934
                0x00000000200003f8                . = ALIGN (0x8)
                0x00000000200003f8                PROVIDE (end = .)
                [!provide]                        PROVIDE (_end = .)
                0x00000000200005f8                . = (. + _Min_Heap_Size)
 *fill*         0x00000000200003f8      0x200 
                0x00000000200009f8                . = (. + _Min_Stack_Size)
 *fill*         0x00000000200005f8      0x400 
                0x00000000200009f8                . = ALIGN (0x8)

/DISCARD/
 libc.a(*)
 libm.a(*)
 libgcc.a(*)

.ARM.attributes
                0x0000000000000000       0x30
 *(.ARM.attributes)
 .ARM.attributes
                0x0000000000000000       0x1e /usr/lib/gcc/arm-none-eabi/9.2.1/thumb/v7e-m+fp/hard/crti.o
 .ARM.attributes
                0x000000000000001e       0x34 /usr/lib/gcc/arm-none-eabi/9.2.1/thumb/v7e-m+fp/hard/crtbegin.o
 .ARM.attributes
                0x0000000000000052       0x34 build/main.o
 .ARM.attributes
                0x0000000000000086       0x34 build/stm32f4xx_it.o
 .ARM.attributes
                0x00000000000000ba       0x34 build/stm32f4xx_hal_msp.o
 .ARM.attributes
                0x00000000000000ee       0x34 build/stm32f4xx_hal_tim.o
 .ARM.attributes
                0x0000000000000122       0x34 build/stm32f4xx_hal_tim_ex.o
 .ARM.attributes
                0x0000000000000156       0x34 build/stm32f4xx_hal_rcc.o
 .ARM.attributes
                0x000000000000018a       0x34 build/stm32f4xx_hal_rcc_ex.o
 .ARM.attributes
                0x00000000000001be       0x34 build/stm32f4xx_hal_gpio.o
 .ARM.attributes
                0x00000000000001f2       0x34 build/stm32f4xx_hal_dma.o
 .ARM.attributes
                0x0000000000000226       0x34 build/stm32f4xx_hal_cortex.o
 .ARM.attributes
                0x000000000000025a       0x34 build/stm32f4xx_hal.o
 .ARM.attributes
                0x000000000000028e       0x34 build/system_stm32f4xx.o
 .ARM.attributes
                0x00000000000002c2       0x34 build/stm32f4xx_hal_adc.o
 .ARM.attributes
                0x00000000000002f6       0x34 build/stm32f4xx_hal_spi.o
 .ARM.attributes
                0x000000000000032a       0x34 build/gpio.o
 .ARM.attributes
                0x000000000000035e       0x34 build/adc.o
 .ARM.attributes
                0x0000000000000392       0x34 build/dma.o
 .ARM.attributes
                0x00000000000003c6       0x34 build/spi.o
 .ARM.attributes
                0x00000000000003fa       0x34 build/tim.o
 .ARM.attributes
                0x000000000000042e       0x34 build/usart.o
 .ARM.attributes
                0x0000000000000462       0x34 build/stm32f4xx_hal_uart.o
 .ARM.attributes
                0x0000000000000496       0x34 build/ICM_20648.o
 .ARM.attributes
                0x00000000000004ca       0x34 build/Motor_Driver.o
 .ARM.attributes
                0x00000000000004fe       0x21 build/startup_stm32f412cx.o
 .ARM.attributes
                0x000000000000051f       0x32 /usr/lib/gcc/arm-none-eabi/9.2.1/../../../arm-none-eabi/lib/thumb/v7e-m+fp/hard/libc_nano.a(lib_a-impure.o)
 .ARM.attributes
                0x0000000000000551       0x34 /usr/lib/gcc/arm-none-eabi/9.2.1/../../../arm-none-eabi/lib/thumb/v7e-m+fp/hard/libc_nano.a(lib_a-init.o)
 .ARM.attributes
                0x0000000000000585       0x34 /usr/lib/gcc/arm-none-eabi/9.2.1/../../../arm-none-eabi/lib/thumb/v7e-m+fp/hard/libc_nano.a(lib_a-memset.o)
 .ARM.attributes
                0x00000000000005b9       0x34 /usr/lib/gcc/arm-none-eabi/9.2.1/../../../arm-none-eabi/lib/thumb/v7e-m+fp/hard/libc_nano.a(lib_a-printf.o)
 .ARM.attributes
                0x00000000000005ed       0x34 /usr/lib/gcc/arm-none-eabi/9.2.1/../../../arm-none-eabi/lib/thumb/v7e-m+fp/hard/libc_nano.a(lib_a-puts.o)
 .ARM.attributes
                0x0000000000000621       0x34 /usr/lib/gcc/arm-none-eabi/9.2.1/../../../arm-none-eabi/lib/thumb/v7e-m+fp/hard/libc_nano.a(lib_a-wbuf.o)
 .ARM.attributes
                0x0000000000000655       0x34 /usr/lib/gcc/arm-none-eabi/9.2.1/../../../arm-none-eabi/lib/thumb/v7e-m+fp/hard/libc_nano.a(lib_a-wsetup.o)
 .ARM.attributes
                0x0000000000000689       0x34 /usr/lib/gcc/arm-none-eabi/9.2.1/../../../arm-none-eabi/lib/thumb/v7e-m+fp/hard/libc_nano.a(lib_a-fflush.o)
 .ARM.attributes
                0x00000000000006bd       0x34 /usr/lib/gcc/arm-none-eabi/9.2.1/../../../arm-none-eabi/lib/thumb/v7e-m+fp/hard/libc_nano.a(lib_a-findfp.o)
 .ARM.attributes
                0x00000000000006f1       0x34 /usr/lib/gcc/arm-none-eabi/9.2.1/../../../arm-none-eabi/lib/thumb/v7e-m+fp/hard/libc_nano.a(lib_a-fwalk.o)
 .ARM.attributes
                0x0000000000000725       0x34 /usr/lib/gcc/arm-none-eabi/9.2.1/../../../arm-none-eabi/lib/thumb/v7e-m+fp/hard/libc_nano.a(lib_a-makebuf.o)
 .ARM.attributes
                0x0000000000000759       0x34 /usr/lib/gcc/arm-none-eabi/9.2.1/../../../arm-none-eabi/lib/thumb/v7e-m+fp/hard/libc_nano.a(lib_a-nano-freer.o)
 .ARM.attributes
                0x000000000000078d       0x34 /usr/lib/gcc/arm-none-eabi/9.2.1/../../../arm-none-eabi/lib/thumb/v7e-m+fp/hard/libc_nano.a(lib_a-nano-mallocr.o)
 .ARM.attributes
                0x00000000000007c1       0x34 /usr/lib/gcc/arm-none-eabi/9.2.1/../../../arm-none-eabi/lib/thumb/v7e-m+fp/hard/libc_nano.a(lib_a-nano-vfprintf.o)
 .ARM.attributes
                0x00000000000007f5       0x34 /usr/lib/gcc/arm-none-eabi/9.2.1/../../../arm-none-eabi/lib/thumb/v7e-m+fp/hard/libc_nano.a(lib_a-nano-vfprintf_i.o)
 .ARM.attributes
                0x0000000000000829       0x34 /usr/lib/gcc/arm-none-eabi/9.2.1/../../../arm-none-eabi/lib/thumb/v7e-m+fp/hard/libc_nano.a(lib_a-sbrkr.o)
 .ARM.attributes
                0x000000000000085d       0x34 /usr/lib/gcc/arm-none-eabi/9.2.1/../../../arm-none-eabi/lib/thumb/v7e-m+fp/hard/libc_nano.a(lib_a-stdio.o)
 .ARM.attributes
                0x0000000000000891       0x34 /usr/lib/gcc/arm-none-eabi/9.2.1/../../../arm-none-eabi/lib/thumb/v7e-m+fp/hard/libc_nano.a(lib_a-writer.o)
 .ARM.attributes
                0x00000000000008c5       0x34 /usr/lib/gcc/arm-none-eabi/9.2.1/../../../arm-none-eabi/lib/thumb/v7e-m+fp/hard/libc_nano.a(lib_a-closer.o)
 .ARM.attributes
                0x00000000000008f9       0x34 /usr/lib/gcc/arm-none-eabi/9.2.1/../../../arm-none-eabi/lib/thumb/v7e-m+fp/hard/libc_nano.a(lib_a-fstatr.o)
 .ARM.attributes
                0x000000000000092d       0x34 /usr/lib/gcc/arm-none-eabi/9.2.1/../../../arm-none-eabi/lib/thumb/v7e-m+fp/hard/libc_nano.a(lib_a-fvwrite.o)
 .ARM.attributes
                0x0000000000000961       0x34 /usr/lib/gcc/arm-none-eabi/9.2.1/../../../arm-none-eabi/lib/thumb/v7e-m+fp/hard/libc_nano.a(lib_a-isattyr.o)
 .ARM.attributes
                0x0000000000000995       0x34 /usr/lib/gcc/arm-none-eabi/9.2.1/../../../arm-none-eabi/lib/thumb/v7e-m+fp/hard/libc_nano.a(lib_a-lseekr.o)
 .ARM.attributes
                0x00000000000009c9       0x1c /usr/lib/gcc/arm-none-eabi/9.2.1/../../../arm-none-eabi/lib/thumb/v7e-m+fp/hard/libc_nano.a(lib_a-memchr.o)
 .ARM.attributes
                0x00000000000009e5       0x1c /usr/lib/gcc/arm-none-eabi/9.2.1/../../../arm-none-eabi/lib/thumb/v7e-m+fp/hard/libc_nano.a(lib_a-memcpy.o)
 .ARM.attributes
                0x0000000000000a01       0x34 /usr/lib/gcc/arm-none-eabi/9.2.1/../../../arm-none-eabi/lib/thumb/v7e-m+fp/hard/libc_nano.a(lib_a-memmove.o)
 .ARM.attributes
                0x0000000000000a35       0x34 /usr/lib/gcc/arm-none-eabi/9.2.1/../../../arm-none-eabi/lib/thumb/v7e-m+fp/hard/libc_nano.a(lib_a-mlock.o)
 .ARM.attributes
                0x0000000000000a69       0x34 /usr/lib/gcc/arm-none-eabi/9.2.1/../../../arm-none-eabi/lib/thumb/v7e-m+fp/hard/libc_nano.a(lib_a-nano-reallocr.o)
 .ARM.attributes
                0x0000000000000a9d       0x34 /usr/lib/gcc/arm-none-eabi/9.2.1/../../../arm-none-eabi/lib/thumb/v7e-m+fp/hard/libc_nano.a(lib_a-readr.o)
 .ARM.attributes
                0x0000000000000ad1       0x34 /usr/lib/gcc/arm-none-eabi/9.2.1/../../../arm-none-eabi/lib/thumb/v7e-m+fp/hard/libc_nano.a(lib_a-reent.o)
 .ARM.attributes
                0x0000000000000b05       0x34 /usr/lib/gcc/arm-none-eabi/9.2.1/../../../arm-none-eabi/lib/thumb/v7e-m+fp/hard/libc_nano.a(lib_a-nano-msizer.o)
 .ARM.attributes
                0x0000000000000b39       0x34 /usr/lib/gcc/arm-none-eabi/9.2.1/../../../arm-none-eabi/lib/thumb/v7e-m+fp/hard/libnosys.a(close.o)
 .ARM.attributes
                0x0000000000000b6d       0x34 /usr/lib/gcc/arm-none-eabi/9.2.1/../../../arm-none-eabi/lib/thumb/v7e-m+fp/hard/libnosys.a(fstat.o)
 .ARM.attributes
                0x0000000000000ba1       0x34 /usr/lib/gcc/arm-none-eabi/9.2.1/../../../arm-none-eabi/lib/thumb/v7e-m+fp/hard/libnosys.a(isatty.o)
 .ARM.attributes
                0x0000000000000bd5       0x34 /usr/lib/gcc/arm-none-eabi/9.2.1/../../../arm-none-eabi/lib/thumb/v7e-m+fp/hard/libnosys.a(lseek.o)
 .ARM.attributes
                0x0000000000000c09       0x34 /usr/lib/gcc/arm-none-eabi/9.2.1/../../../arm-none-eabi/lib/thumb/v7e-m+fp/hard/libnosys.a(read.o)
 .ARM.attributes
                0x0000000000000c3d       0x34 /usr/lib/gcc/arm-none-eabi/9.2.1/../../../arm-none-eabi/lib/thumb/v7e-m+fp/hard/libnosys.a(sbrk.o)
 .ARM.attributes
                0x0000000000000c71       0x1e /usr/lib/gcc/arm-none-eabi/9.2.1/thumb/v7e-m+fp/hard/libgcc.a(_aeabi_uldivmod.o)
 .ARM.attributes
                0x0000000000000c8f       0x34 /usr/lib/gcc/arm-none-eabi/9.2.1/thumb/v7e-m+fp/hard/libgcc.a(_udivmoddi4.o)
 .ARM.attributes
                0x0000000000000cc3       0x1e /usr/lib/gcc/arm-none-eabi/9.2.1/thumb/v7e-m+fp/hard/libgcc.a(_dvmd_tls.o)
 .ARM.attributes
                0x0000000000000ce1       0x32 /usr/lib/gcc/arm-none-eabi/9.2.1/thumb/v7e-m+fp/hard/crtend.o
 .ARM.attributes
                0x0000000000000d13       0x1e /usr/lib/gcc/arm-none-eabi/9.2.1/thumb/v7e-m+fp/hard/crtn.o
OUTPUT(build/mouse_second.elf elf32-littlearm)
LOAD linker stubs
LOAD /usr/lib/gcc/arm-none-eabi/9.2.1/../../../arm-none-eabi/lib/thumb/v7e-m+fp/hard/libc.a
LOAD /usr/lib/gcc/arm-none-eabi/9.2.1/../../../arm-none-eabi/lib/thumb/v7e-m+fp/hard/libm.a
LOAD /usr/lib/gcc/arm-none-eabi/9.2.1/thumb/v7e-m+fp/hard/libgcc.a

.comment        0x0000000000000000       0xa7
 .comment       0x0000000000000000       0x59 /usr/lib/gcc/arm-none-eabi/9.2.1/thumb/v7e-m+fp/hard/crtbegin.o
                                         0x5a (size before relaxing)
 .comment       0x0000000000000059       0x5a build/main.o
 .comment       0x0000000000000059       0x5a build/stm32f4xx_it.o
 .comment       0x0000000000000059       0x5a build/stm32f4xx_hal_msp.o
 .comment       0x0000000000000059       0x5a build/stm32f4xx_hal_tim.o
 .comment       0x0000000000000059       0x5a build/stm32f4xx_hal_tim_ex.o
 .comment       0x0000000000000059       0x5a build/stm32f4xx_hal_rcc.o
 .comment       0x0000000000000059       0x5a build/stm32f4xx_hal_rcc_ex.o
 .comment       0x0000000000000059       0x5a build/stm32f4xx_hal_gpio.o
 .comment       0x0000000000000059       0x5a build/stm32f4xx_hal_dma.o
 .comment       0x0000000000000059       0x5a build/stm32f4xx_hal_cortex.o
 .comment       0x0000000000000059       0x5a build/stm32f4xx_hal.o
 .comment       0x0000000000000059       0x5a build/system_stm32f4xx.o
 .comment       0x0000000000000059       0x5a build/stm32f4xx_hal_adc.o
 .comment       0x0000000000000059       0x5a build/stm32f4xx_hal_spi.o
 .comment       0x0000000000000059       0x5a build/gpio.o
 .comment       0x0000000000000059       0x5a build/adc.o
 .comment       0x0000000000000059       0x5a build/dma.o
 .comment       0x0000000000000059       0x5a build/spi.o
 .comment       0x0000000000000059       0x5a build/tim.o
 .comment       0x0000000000000059       0x5a build/usart.o
 .comment       0x0000000000000059       0x5a build/stm32f4xx_hal_uart.o
 .comment       0x0000000000000059       0x5a build/ICM_20648.o
 .comment       0x0000000000000059       0x5a build/Motor_Driver.o
 .comment       0x0000000000000059       0x4e /usr/lib/gcc/arm-none-eabi/9.2.1/../../../arm-none-eabi/lib/thumb/v7e-m+fp/hard/libc_nano.a(lib_a-impure.o)
                                         0x4f (size before relaxing)
 .comment       0x00000000000000a7       0x4f /usr/lib/gcc/arm-none-eabi/9.2.1/../../../arm-none-eabi/lib/thumb/v7e-m+fp/hard/libc_nano.a(lib_a-init.o)
 .comment       0x00000000000000a7       0x4f /usr/lib/gcc/arm-none-eabi/9.2.1/../../../arm-none-eabi/lib/thumb/v7e-m+fp/hard/libc_nano.a(lib_a-memset.o)
 .comment       0x00000000000000a7       0x4f /usr/lib/gcc/arm-none-eabi/9.2.1/../../../arm-none-eabi/lib/thumb/v7e-m+fp/hard/libc_nano.a(lib_a-printf.o)
 .comment       0x00000000000000a7       0x4f /usr/lib/gcc/arm-none-eabi/9.2.1/../../../arm-none-eabi/lib/thumb/v7e-m+fp/hard/libc_nano.a(lib_a-puts.o)
 .comment       0x00000000000000a7       0x4f /usr/lib/gcc/arm-none-eabi/9.2.1/../../../arm-none-eabi/lib/thumb/v7e-m+fp/hard/libc_nano.a(lib_a-wbuf.o)
 .comment       0x00000000000000a7       0x4f /usr/lib/gcc/arm-none-eabi/9.2.1/../../../arm-none-eabi/lib/thumb/v7e-m+fp/hard/libc_nano.a(lib_a-wsetup.o)
 .comment       0x00000000000000a7       0x4f /usr/lib/gcc/arm-none-eabi/9.2.1/../../../arm-none-eabi/lib/thumb/v7e-m+fp/hard/libc_nano.a(lib_a-fflush.o)
 .comment       0x00000000000000a7       0x4f /usr/lib/gcc/arm-none-eabi/9.2.1/../../../arm-none-eabi/lib/thumb/v7e-m+fp/hard/libc_nano.a(lib_a-findfp.o)
 .comment       0x00000000000000a7       0x4f /usr/lib/gcc/arm-none-eabi/9.2.1/../../../arm-none-eabi/lib/thumb/v7e-m+fp/hard/libc_nano.a(lib_a-fwalk.o)
 .comment       0x00000000000000a7       0x4f /usr/lib/gcc/arm-none-eabi/9.2.1/../../../arm-none-eabi/lib/thumb/v7e-m+fp/hard/libc_nano.a(lib_a-makebuf.o)
 .comment       0x00000000000000a7       0x4f /usr/lib/gcc/arm-none-eabi/9.2.1/../../../arm-none-eabi/lib/thumb/v7e-m+fp/hard/libc_nano.a(lib_a-nano-freer.o)
 .comment       0x00000000000000a7       0x4f /usr/lib/gcc/arm-none-eabi/9.2.1/../../../arm-none-eabi/lib/thumb/v7e-m+fp/hard/libc_nano.a(lib_a-nano-mallocr.o)
 .comment       0x00000000000000a7       0x4f /usr/lib/gcc/arm-none-eabi/9.2.1/../../../arm-none-eabi/lib/thumb/v7e-m+fp/hard/libc_nano.a(lib_a-nano-vfprintf.o)
 .comment       0x00000000000000a7       0x4f /usr/lib/gcc/arm-none-eabi/9.2.1/../../../arm-none-eabi/lib/thumb/v7e-m+fp/hard/libc_nano.a(lib_a-nano-vfprintf_i.o)
 .comment       0x00000000000000a7       0x4f /usr/lib/gcc/arm-none-eabi/9.2.1/../../../arm-none-eabi/lib/thumb/v7e-m+fp/hard/libc_nano.a(lib_a-sbrkr.o)
 .comment       0x00000000000000a7       0x4f /usr/lib/gcc/arm-none-eabi/9.2.1/../../../arm-none-eabi/lib/thumb/v7e-m+fp/hard/libc_nano.a(lib_a-stdio.o)
 .comment       0x00000000000000a7       0x4f /usr/lib/gcc/arm-none-eabi/9.2.1/../../../arm-none-eabi/lib/thumb/v7e-m+fp/hard/libc_nano.a(lib_a-writer.o)
 .comment       0x00000000000000a7       0x4f /usr/lib/gcc/arm-none-eabi/9.2.1/../../../arm-none-eabi/lib/thumb/v7e-m+fp/hard/libc_nano.a(lib_a-closer.o)
 .comment       0x00000000000000a7       0x4f /usr/lib/gcc/arm-none-eabi/9.2.1/../../../arm-none-eabi/lib/thumb/v7e-m+fp/hard/libc_nano.a(lib_a-fstatr.o)
 .comment       0x00000000000000a7       0x4f /usr/lib/gcc/arm-none-eabi/9.2.1/../../../arm-none-eabi/lib/thumb/v7e-m+fp/hard/libc_nano.a(lib_a-fvwrite.o)
 .comment       0x00000000000000a7       0x4f /usr/lib/gcc/arm-none-eabi/9.2.1/../../../arm-none-eabi/lib/thumb/v7e-m+fp/hard/libc_nano.a(lib_a-isattyr.o)
 .comment       0x00000000000000a7       0x4f /usr/lib/gcc/arm-none-eabi/9.2.1/../../../arm-none-eabi/lib/thumb/v7e-m+fp/hard/libc_nano.a(lib_a-lseekr.o)
 .comment       0x00000000000000a7       0x4f /usr/lib/gcc/arm-none-eabi/9.2.1/../../../arm-none-eabi/lib/thumb/v7e-m+fp/hard/libc_nano.a(lib_a-memmove.o)
 .comment       0x00000000000000a7       0x4f /usr/lib/gcc/arm-none-eabi/9.2.1/../../../arm-none-eabi/lib/thumb/v7e-m+fp/hard/libc_nano.a(lib_a-mlock.o)
 .comment       0x00000000000000a7       0x4f /usr/lib/gcc/arm-none-eabi/9.2.1/../../../arm-none-eabi/lib/thumb/v7e-m+fp/hard/libc_nano.a(lib_a-nano-reallocr.o)
 .comment       0x00000000000000a7       0x4f /usr/lib/gcc/arm-none-eabi/9.2.1/../../../arm-none-eabi/lib/thumb/v7e-m+fp/hard/libc_nano.a(lib_a-readr.o)
 .comment       0x00000000000000a7       0x4f /usr/lib/gcc/arm-none-eabi/9.2.1/../../../arm-none-eabi/lib/thumb/v7e-m+fp/hard/libc_nano.a(lib_a-reent.o)
 .comment       0x00000000000000a7       0x4f /usr/lib/gcc/arm-none-eabi/9.2.1/../../../arm-none-eabi/lib/thumb/v7e-m+fp/hard/libc_nano.a(lib_a-nano-msizer.o)
 .comment       0x00000000000000a7       0x4f /usr/lib/gcc/arm-none-eabi/9.2.1/../../../arm-none-eabi/lib/thumb/v7e-m+fp/hard/libnosys.a(close.o)
 .comment       0x00000000000000a7       0x4f /usr/lib/gcc/arm-none-eabi/9.2.1/../../../arm-none-eabi/lib/thumb/v7e-m+fp/hard/libnosys.a(fstat.o)
 .comment       0x00000000000000a7       0x4f /usr/lib/gcc/arm-none-eabi/9.2.1/../../../arm-none-eabi/lib/thumb/v7e-m+fp/hard/libnosys.a(isatty.o)
 .comment       0x00000000000000a7       0x4f /usr/lib/gcc/arm-none-eabi/9.2.1/../../../arm-none-eabi/lib/thumb/v7e-m+fp/hard/libnosys.a(lseek.o)
 .comment       0x00000000000000a7       0x4f /usr/lib/gcc/arm-none-eabi/9.2.1/../../../arm-none-eabi/lib/thumb/v7e-m+fp/hard/libnosys.a(read.o)
 .comment       0x00000000000000a7       0x4f /usr/lib/gcc/arm-none-eabi/9.2.1/../../../arm-none-eabi/lib/thumb/v7e-m+fp/hard/libnosys.a(sbrk.o)
 .comment       0x00000000000000a7       0x5a /usr/lib/gcc/arm-none-eabi/9.2.1/thumb/v7e-m+fp/hard/libgcc.a(_udivmoddi4.o)
 .comment       0x00000000000000a7       0x5a /usr/lib/gcc/arm-none-eabi/9.2.1/thumb/v7e-m+fp/hard/crtend.o

.debug_info     0x0000000000000000    0x37a67
 .debug_info    0x0000000000000000     0x299f build/main.o
 .debug_info    0x000000000000299f      0x547 build/stm32f4xx_it.o
 .debug_info    0x0000000000002ee6      0x3d5 build/stm32f4xx_hal_msp.o
 .debug_info    0x00000000000032bb     0x4120 build/stm32f4xx_hal_tim.o
 .debug_info    0x00000000000073db     0x1d33 build/stm32f4xx_hal_tim_ex.o
 .debug_info    0x000000000000910e      0xbf0 build/stm32f4xx_hal_rcc.o
 .debug_info    0x0000000000009cfe      0xb40 build/stm32f4xx_hal_rcc_ex.o
 .debug_info    0x000000000000a83e      0x92e build/stm32f4xx_hal_gpio.o
 .debug_info    0x000000000000b16c      0xc67 build/stm32f4xx_hal_dma.o
 .debug_info    0x000000000000bdd3     0x1202 build/stm32f4xx_hal_cortex.o
 .debug_info    0x000000000000cfd5      0xb36 build/stm32f4xx_hal.o
 .debug_info    0x000000000000db0b      0x62c build/system_stm32f4xx.o
 .debug_info    0x000000000000e137     0x10ae build/stm32f4xx_hal_adc.o
 .debug_info    0x000000000000f1e5     0x20b8 build/stm32f4xx_hal_spi.o
 .debug_info    0x000000000001129d      0x631 build/gpio.o
 .debug_info    0x00000000000118ce      0xda4 build/adc.o
 .debug_info    0x0000000000012672      0x619 build/dma.o
 .debug_info    0x0000000000012c8b      0xcc2 build/spi.o
 .debug_info    0x000000000001394d     0x17aa build/tim.o
 .debug_info    0x00000000000150f7      0xb81 build/usart.o
 .debug_info    0x0000000000015c78     0x446b build/stm32f4xx_hal_uart.o
 .debug_info    0x000000000001a0e3     0x2397 build/ICM_20648.o
 .debug_info    0x000000000001c47a      0xac9 build/Motor_Driver.o
 .debug_info    0x000000000001cf43       0x22 build/startup_stm32f412cx.o
 .debug_info    0x000000000001cf65      0x92a /usr/lib/gcc/arm-none-eabi/9.2.1/../../../arm-none-eabi/lib/thumb/v7e-m+fp/hard/libc_nano.a(lib_a-impure.o)
 .debug_info    0x000000000001d88f      0x11a /usr/lib/gcc/arm-none-eabi/9.2.1/../../../arm-none-eabi/lib/thumb/v7e-m+fp/hard/libc_nano.a(lib_a-init.o)
 .debug_info    0x000000000001d9a9      0xf21 /usr/lib/gcc/arm-none-eabi/9.2.1/../../../arm-none-eabi/lib/thumb/v7e-m+fp/hard/libc_nano.a(lib_a-memset.o)
 .debug_info    0x000000000001e8ca      0xc67 /usr/lib/gcc/arm-none-eabi/9.2.1/../../../arm-none-eabi/lib/thumb/v7e-m+fp/hard/libc_nano.a(lib_a-printf.o)
 .debug_info    0x000000000001f531      0xd13 /usr/lib/gcc/arm-none-eabi/9.2.1/../../../arm-none-eabi/lib/thumb/v7e-m+fp/hard/libc_nano.a(lib_a-puts.o)
 .debug_info    0x0000000000020244      0xc90 /usr/lib/gcc/arm-none-eabi/9.2.1/../../../arm-none-eabi/lib/thumb/v7e-m+fp/hard/libc_nano.a(lib_a-wbuf.o)
 .debug_info    0x0000000000020ed4      0xbfa /usr/lib/gcc/arm-none-eabi/9.2.1/../../../arm-none-eabi/lib/thumb/v7e-m+fp/hard/libc_nano.a(lib_a-wsetup.o)
 .debug_info    0x0000000000021ace      0xd73 /usr/lib/gcc/arm-none-eabi/9.2.1/../../../arm-none-eabi/lib/thumb/v7e-m+fp/hard/libc_nano.a(lib_a-fflush.o)
 .debug_info    0x0000000000022841     0x11a8 /usr/lib/gcc/arm-none-eabi/9.2.1/../../../arm-none-eabi/lib/thumb/v7e-m+fp/hard/libc_nano.a(lib_a-findfp.o)
 .debug_info    0x00000000000239e9      0xca4 /usr/lib/gcc/arm-none-eabi/9.2.1/../../../arm-none-eabi/lib/thumb/v7e-m+fp/hard/libc_nano.a(lib_a-fwalk.o)
 .debug_info    0x000000000002468d      0xf68 /usr/lib/gcc/arm-none-eabi/9.2.1/../../../arm-none-eabi/lib/thumb/v7e-m+fp/hard/libc_nano.a(lib_a-makebuf.o)
 .debug_info    0x00000000000255f5      0xb85 /usr/lib/gcc/arm-none-eabi/9.2.1/../../../arm-none-eabi/lib/thumb/v7e-m+fp/hard/libc_nano.a(lib_a-nano-freer.o)
 .debug_info    0x000000000002617a      0xc5a /usr/lib/gcc/arm-none-eabi/9.2.1/../../../arm-none-eabi/lib/thumb/v7e-m+fp/hard/libc_nano.a(lib_a-nano-mallocr.o)
 .debug_info    0x0000000000026dd4     0x176a /usr/lib/gcc/arm-none-eabi/9.2.1/../../../arm-none-eabi/lib/thumb/v7e-m+fp/hard/libc_nano.a(lib_a-nano-vfprintf.o)
 .debug_info    0x000000000002853e     0x1592 /usr/lib/gcc/arm-none-eabi/9.2.1/../../../arm-none-eabi/lib/thumb/v7e-m+fp/hard/libc_nano.a(lib_a-nano-vfprintf_i.o)
 .debug_info    0x0000000000029ad0      0x9fb /usr/lib/gcc/arm-none-eabi/9.2.1/../../../arm-none-eabi/lib/thumb/v7e-m+fp/hard/libc_nano.a(lib_a-sbrkr.o)
 .debug_info    0x000000000002a4cb      0xe67 /usr/lib/gcc/arm-none-eabi/9.2.1/../../../arm-none-eabi/lib/thumb/v7e-m+fp/hard/libc_nano.a(lib_a-stdio.o)
 .debug_info    0x000000000002b332      0xa2c /usr/lib/gcc/arm-none-eabi/9.2.1/../../../arm-none-eabi/lib/thumb/v7e-m+fp/hard/libc_nano.a(lib_a-writer.o)
 .debug_info    0x000000000002bd5e      0x9d8 /usr/lib/gcc/arm-none-eabi/9.2.1/../../../arm-none-eabi/lib/thumb/v7e-m+fp/hard/libc_nano.a(lib_a-closer.o)
 .debug_info    0x000000000002c736      0xc24 /usr/lib/gcc/arm-none-eabi/9.2.1/../../../arm-none-eabi/lib/thumb/v7e-m+fp/hard/libc_nano.a(lib_a-fstatr.o)
 .debug_info    0x000000000002d35a      0xeed /usr/lib/gcc/arm-none-eabi/9.2.1/../../../arm-none-eabi/lib/thumb/v7e-m+fp/hard/libc_nano.a(lib_a-fvwrite.o)
 .debug_info    0x000000000002e247      0x9d8 /usr/lib/gcc/arm-none-eabi/9.2.1/../../../arm-none-eabi/lib/thumb/v7e-m+fp/hard/libc_nano.a(lib_a-isattyr.o)
 .debug_info    0x000000000002ec1f      0xa0d /usr/lib/gcc/arm-none-eabi/9.2.1/../../../arm-none-eabi/lib/thumb/v7e-m+fp/hard/libc_nano.a(lib_a-lseekr.o)
 .debug_info    0x000000000002f62c       0x26 /usr/lib/gcc/arm-none-eabi/9.2.1/../../../arm-none-eabi/lib/thumb/v7e-m+fp/hard/libc_nano.a(lib_a-memchr.o)
 .debug_info    0x000000000002f652       0x26 /usr/lib/gcc/arm-none-eabi/9.2.1/../../../arm-none-eabi/lib/thumb/v7e-m+fp/hard/libc_nano.a(lib_a-memcpy.o)
 .debug_info    0x000000000002f678      0xf2b /usr/lib/gcc/arm-none-eabi/9.2.1/../../../arm-none-eabi/lib/thumb/v7e-m+fp/hard/libc_nano.a(lib_a-memmove.o)
 .debug_info    0x00000000000305a3      0x961 /usr/lib/gcc/arm-none-eabi/9.2.1/../../../arm-none-eabi/lib/thumb/v7e-m+fp/hard/libc_nano.a(lib_a-mlock.o)
 .debug_info    0x0000000000030f04      0xb77 /usr/lib/gcc/arm-none-eabi/9.2.1/../../../arm-none-eabi/lib/thumb/v7e-m+fp/hard/libc_nano.a(lib_a-nano-reallocr.o)
 .debug_info    0x0000000000031a7b      0xa25 /usr/lib/gcc/arm-none-eabi/9.2.1/../../../arm-none-eabi/lib/thumb/v7e-m+fp/hard/libc_nano.a(lib_a-readr.o)
 .debug_info    0x00000000000324a0      0xb0f /usr/lib/gcc/arm-none-eabi/9.2.1/../../../arm-none-eabi/lib/thumb/v7e-m+fp/hard/libc_nano.a(lib_a-reent.o)
 .debug_info    0x0000000000032faf      0xaa6 /usr/lib/gcc/arm-none-eabi/9.2.1/../../../arm-none-eabi/lib/thumb/v7e-m+fp/hard/libc_nano.a(lib_a-nano-msizer.o)
 .debug_info    0x0000000000033a55      0x96e /usr/lib/gcc/arm-none-eabi/9.2.1/../../../arm-none-eabi/lib/thumb/v7e-m+fp/hard/libnosys.a(close.o)
 .debug_info    0x00000000000343c3      0xbb1 /usr/lib/gcc/arm-none-eabi/9.2.1/../../../arm-none-eabi/lib/thumb/v7e-m+fp/hard/libnosys.a(fstat.o)
 .debug_info    0x0000000000034f74      0x96e /usr/lib/gcc/arm-none-eabi/9.2.1/../../../arm-none-eabi/lib/thumb/v7e-m+fp/hard/libnosys.a(isatty.o)
 .debug_info    0x00000000000358e2      0x990 /usr/lib/gcc/arm-none-eabi/9.2.1/../../../arm-none-eabi/lib/thumb/v7e-m+fp/hard/libnosys.a(lseek.o)
 .debug_info    0x0000000000036272      0x990 /usr/lib/gcc/arm-none-eabi/9.2.1/../../../arm-none-eabi/lib/thumb/v7e-m+fp/hard/libnosys.a(read.o)
 .debug_info    0x0000000000036c02       0x9d /usr/lib/gcc/arm-none-eabi/9.2.1/../../../arm-none-eabi/lib/thumb/v7e-m+fp/hard/libnosys.a(sbrk.o)
 .debug_info    0x0000000000036c9f       0x26 /usr/lib/gcc/arm-none-eabi/9.2.1/thumb/v7e-m+fp/hard/libgcc.a(_aeabi_uldivmod.o)
 .debug_info    0x0000000000036cc5      0xd7c /usr/lib/gcc/arm-none-eabi/9.2.1/thumb/v7e-m+fp/hard/libgcc.a(_udivmoddi4.o)
 .debug_info    0x0000000000037a41       0x26 /usr/lib/gcc/arm-none-eabi/9.2.1/thumb/v7e-m+fp/hard/libgcc.a(_dvmd_tls.o)

.debug_abbrev   0x0000000000000000     0x8628
 .debug_abbrev  0x0000000000000000      0x415 build/main.o
 .debug_abbrev  0x0000000000000415      0x197 build/stm32f4xx_it.o
 .debug_abbrev  0x00000000000005ac      0x11c build/stm32f4xx_hal_msp.o
 .debug_abbrev  0x00000000000006c8      0x2af build/stm32f4xx_hal_tim.o
 .debug_abbrev  0x0000000000000977      0x2ab build/stm32f4xx_hal_tim_ex.o
 .debug_abbrev  0x0000000000000c22      0x2c0 build/stm32f4xx_hal_rcc.o
 .debug_abbrev  0x0000000000000ee2      0x1f5 build/stm32f4xx_hal_rcc_ex.o
 .debug_abbrev  0x00000000000010d7      0x258 build/stm32f4xx_hal_gpio.o
 .debug_abbrev  0x000000000000132f      0x312 build/stm32f4xx_hal_dma.o
 .debug_abbrev  0x0000000000001641      0x3a8 build/stm32f4xx_hal_cortex.o
 .debug_abbrev  0x00000000000019e9      0x21c build/stm32f4xx_hal.o
 .debug_abbrev  0x0000000000001c05      0x14a build/system_stm32f4xx.o
 .debug_abbrev  0x0000000000001d4f      0x2be build/stm32f4xx_hal_adc.o
 .debug_abbrev  0x000000000000200d      0x2d2 build/stm32f4xx_hal_spi.o
 .debug_abbrev  0x00000000000022df      0x17e build/gpio.o
 .debug_abbrev  0x000000000000245d      0x1f9 build/adc.o
 .debug_abbrev  0x0000000000002656      0x156 build/dma.o
 .debug_abbrev  0x00000000000027ac      0x1f1 build/spi.o
 .debug_abbrev  0x000000000000299d      0x279 build/tim.o
 .debug_abbrev  0x0000000000002c16      0x1f1 build/usart.o
 .debug_abbrev  0x0000000000002e07      0x39a build/stm32f4xx_hal_uart.o
 .debug_abbrev  0x00000000000031a1      0x3c3 build/ICM_20648.o
 .debug_abbrev  0x0000000000003564      0x1e2 build/Motor_Driver.o
 .debug_abbrev  0x0000000000003746       0x12 build/startup_stm32f412cx.o
 .debug_abbrev  0x0000000000003758      0x17a /usr/lib/gcc/arm-none-eabi/9.2.1/../../../arm-none-eabi/lib/thumb/v7e-m+fp/hard/libc_nano.a(lib_a-impure.o)
 .debug_abbrev  0x00000000000038d2       0xcc /usr/lib/gcc/arm-none-eabi/9.2.1/../../../arm-none-eabi/lib/thumb/v7e-m+fp/hard/libc_nano.a(lib_a-init.o)
 .debug_abbrev  0x000000000000399e      0x1d9 /usr/lib/gcc/arm-none-eabi/9.2.1/../../../arm-none-eabi/lib/thumb/v7e-m+fp/hard/libc_nano.a(lib_a-memset.o)
 .debug_abbrev  0x0000000000003b77      0x29f /usr/lib/gcc/arm-none-eabi/9.2.1/../../../arm-none-eabi/lib/thumb/v7e-m+fp/hard/libc_nano.a(lib_a-printf.o)
 .debug_abbrev  0x0000000000003e16      0x2de /usr/lib/gcc/arm-none-eabi/9.2.1/../../../arm-none-eabi/lib/thumb/v7e-m+fp/hard/libc_nano.a(lib_a-puts.o)
 .debug_abbrev  0x00000000000040f4      0x285 /usr/lib/gcc/arm-none-eabi/9.2.1/../../../arm-none-eabi/lib/thumb/v7e-m+fp/hard/libc_nano.a(lib_a-wbuf.o)
 .debug_abbrev  0x0000000000004379      0x23a /usr/lib/gcc/arm-none-eabi/9.2.1/../../../arm-none-eabi/lib/thumb/v7e-m+fp/hard/libc_nano.a(lib_a-wsetup.o)
 .debug_abbrev  0x00000000000045b3      0x2e4 /usr/lib/gcc/arm-none-eabi/9.2.1/../../../arm-none-eabi/lib/thumb/v7e-m+fp/hard/libc_nano.a(lib_a-fflush.o)
 .debug_abbrev  0x0000000000004897      0x3dc /usr/lib/gcc/arm-none-eabi/9.2.1/../../../arm-none-eabi/lib/thumb/v7e-m+fp/hard/libc_nano.a(lib_a-findfp.o)
 .debug_abbrev  0x0000000000004c73      0x210 /usr/lib/gcc/arm-none-eabi/9.2.1/../../../arm-none-eabi/lib/thumb/v7e-m+fp/hard/libc_nano.a(lib_a-fwalk.o)
 .debug_abbrev  0x0000000000004e83      0x2f6 /usr/lib/gcc/arm-none-eabi/9.2.1/../../../arm-none-eabi/lib/thumb/v7e-m+fp/hard/libc_nano.a(lib_a-makebuf.o)
 .debug_abbrev  0x0000000000005179      0x286 /usr/lib/gcc/arm-none-eabi/9.2.1/../../../arm-none-eabi/lib/thumb/v7e-m+fp/hard/libc_nano.a(lib_a-nano-freer.o)
 .debug_abbrev  0x00000000000053ff      0x2d1 /usr/lib/gcc/arm-none-eabi/9.2.1/../../../arm-none-eabi/lib/thumb/v7e-m+fp/hard/libc_nano.a(lib_a-nano-mallocr.o)
 .debug_abbrev  0x00000000000056d0      0x337 /usr/lib/gcc/arm-none-eabi/9.2.1/../../../arm-none-eabi/lib/thumb/v7e-m+fp/hard/libc_nano.a(lib_a-nano-vfprintf.o)
 .debug_abbrev  0x0000000000005a07      0x2dc /usr/lib/gcc/arm-none-eabi/9.2.1/../../../arm-none-eabi/lib/thumb/v7e-m+fp/hard/libc_nano.a(lib_a-nano-vfprintf_i.o)
 .debug_abbrev  0x0000000000005ce3      0x212 /usr/lib/gcc/arm-none-eabi/9.2.1/../../../arm-none-eabi/lib/thumb/v7e-m+fp/hard/libc_nano.a(lib_a-sbrkr.o)
 .debug_abbrev  0x0000000000005ef5      0x26f /usr/lib/gcc/arm-none-eabi/9.2.1/../../../arm-none-eabi/lib/thumb/v7e-m+fp/hard/libc_nano.a(lib_a-stdio.o)
 .debug_abbrev  0x0000000000006164      0x1ec /usr/lib/gcc/arm-none-eabi/9.2.1/../../../arm-none-eabi/lib/thumb/v7e-m+fp/hard/libc_nano.a(lib_a-writer.o)
 .debug_abbrev  0x0000000000006350      0x1e7 /usr/lib/gcc/arm-none-eabi/9.2.1/../../../arm-none-eabi/lib/thumb/v7e-m+fp/hard/libc_nano.a(lib_a-closer.o)
 .debug_abbrev  0x0000000000006537      0x1fb /usr/lib/gcc/arm-none-eabi/9.2.1/../../../arm-none-eabi/lib/thumb/v7e-m+fp/hard/libc_nano.a(lib_a-fstatr.o)
 .debug_abbrev  0x0000000000006732      0x270 /usr/lib/gcc/arm-none-eabi/9.2.1/../../../arm-none-eabi/lib/thumb/v7e-m+fp/hard/libc_nano.a(lib_a-fvwrite.o)
 .debug_abbrev  0x00000000000069a2      0x1e7 /usr/lib/gcc/arm-none-eabi/9.2.1/../../../arm-none-eabi/lib/thumb/v7e-m+fp/hard/libc_nano.a(lib_a-isattyr.o)
 .debug_abbrev  0x0000000000006b89      0x1fb /usr/lib/gcc/arm-none-eabi/9.2.1/../../../arm-none-eabi/lib/thumb/v7e-m+fp/hard/libc_nano.a(lib_a-lseekr.o)
 .debug_abbrev  0x0000000000006d84       0x14 /usr/lib/gcc/arm-none-eabi/9.2.1/../../../arm-none-eabi/lib/thumb/v7e-m+fp/hard/libc_nano.a(lib_a-memchr.o)
 .debug_abbrev  0x0000000000006d98       0x14 /usr/lib/gcc/arm-none-eabi/9.2.1/../../../arm-none-eabi/lib/thumb/v7e-m+fp/hard/libc_nano.a(lib_a-memcpy.o)
 .debug_abbrev  0x0000000000006dac      0x1de /usr/lib/gcc/arm-none-eabi/9.2.1/../../../arm-none-eabi/lib/thumb/v7e-m+fp/hard/libc_nano.a(lib_a-memmove.o)
 .debug_abbrev  0x0000000000006f8a      0x1c5 /usr/lib/gcc/arm-none-eabi/9.2.1/../../../arm-none-eabi/lib/thumb/v7e-m+fp/hard/libc_nano.a(lib_a-mlock.o)
 .debug_abbrev  0x000000000000714f      0x22a /usr/lib/gcc/arm-none-eabi/9.2.1/../../../arm-none-eabi/lib/thumb/v7e-m+fp/hard/libc_nano.a(lib_a-nano-reallocr.o)
 .debug_abbrev  0x0000000000007379      0x1e7 /usr/lib/gcc/arm-none-eabi/9.2.1/../../../arm-none-eabi/lib/thumb/v7e-m+fp/hard/libc_nano.a(lib_a-readr.o)
 .debug_abbrev  0x0000000000007560      0x268 /usr/lib/gcc/arm-none-eabi/9.2.1/../../../arm-none-eabi/lib/thumb/v7e-m+fp/hard/libc_nano.a(lib_a-reent.o)
 .debug_abbrev  0x00000000000077c8      0x1e5 /usr/lib/gcc/arm-none-eabi/9.2.1/../../../arm-none-eabi/lib/thumb/v7e-m+fp/hard/libc_nano.a(lib_a-nano-msizer.o)
 .debug_abbrev  0x00000000000079ad      0x1ea /usr/lib/gcc/arm-none-eabi/9.2.1/../../../arm-none-eabi/lib/thumb/v7e-m+fp/hard/libnosys.a(close.o)
 .debug_abbrev  0x0000000000007b97      0x1fd /usr/lib/gcc/arm-none-eabi/9.2.1/../../../arm-none-eabi/lib/thumb/v7e-m+fp/hard/libnosys.a(fstat.o)
 .debug_abbrev  0x0000000000007d94      0x1ea /usr/lib/gcc/arm-none-eabi/9.2.1/../../../arm-none-eabi/lib/thumb/v7e-m+fp/hard/libnosys.a(isatty.o)
 .debug_abbrev  0x0000000000007f7e      0x20f /usr/lib/gcc/arm-none-eabi/9.2.1/../../../arm-none-eabi/lib/thumb/v7e-m+fp/hard/libnosys.a(lseek.o)
 .debug_abbrev  0x000000000000818d      0x20f /usr/lib/gcc/arm-none-eabi/9.2.1/../../../arm-none-eabi/lib/thumb/v7e-m+fp/hard/libnosys.a(read.o)
 .debug_abbrev  0x000000000000839c       0xa2 /usr/lib/gcc/arm-none-eabi/9.2.1/../../../arm-none-eabi/lib/thumb/v7e-m+fp/hard/libnosys.a(sbrk.o)
 .debug_abbrev  0x000000000000843e       0x14 /usr/lib/gcc/arm-none-eabi/9.2.1/thumb/v7e-m+fp/hard/libgcc.a(_aeabi_uldivmod.o)
 .debug_abbrev  0x0000000000008452      0x1c2 /usr/lib/gcc/arm-none-eabi/9.2.1/thumb/v7e-m+fp/hard/libgcc.a(_udivmoddi4.o)
 .debug_abbrev  0x0000000000008614       0x14 /usr/lib/gcc/arm-none-eabi/9.2.1/thumb/v7e-m+fp/hard/libgcc.a(_dvmd_tls.o)

.debug_loc      0x0000000000000000    0x190e3
 .debug_loc     0x0000000000000000      0x3ad build/main.o
 .debug_loc     0x00000000000003ad       0x40 build/stm32f4xx_it.o
 .debug_loc     0x00000000000003ed       0x2c build/stm32f4xx_hal_msp.o
 .debug_loc     0x0000000000000419     0x5b1a build/stm32f4xx_hal_tim.o
 .debug_loc     0x0000000000005f33     0x2110 build/stm32f4xx_hal_tim_ex.o
 .debug_loc     0x0000000000008043      0x66a build/stm32f4xx_hal_rcc.o
 .debug_loc     0x00000000000086ad      0xb62 build/stm32f4xx_hal_rcc_ex.o
 .debug_loc     0x000000000000920f      0x5ca build/stm32f4xx_hal_gpio.o
 .debug_loc     0x00000000000097d9      0xd6d build/stm32f4xx_hal_dma.o
 .debug_loc     0x000000000000a546      0x7d4 build/stm32f4xx_hal_cortex.o
 .debug_loc     0x000000000000ad1a      0x1e1 build/stm32f4xx_hal.o
 .debug_loc     0x000000000000aefb      0x16c build/system_stm32f4xx.o
 .debug_loc     0x000000000000b067      0xd9e build/stm32f4xx_hal_adc.o
 .debug_loc     0x000000000000be05     0x24e5 build/stm32f4xx_hal_spi.o
 .debug_loc     0x000000000000e2ea       0x38 build/gpio.o
 .debug_loc     0x000000000000e322      0x119 build/adc.o
 .debug_loc     0x000000000000e43b       0x38 build/dma.o
 .debug_loc     0x000000000000e473      0x164 build/spi.o
 .debug_loc     0x000000000000e5d7      0x3d5 build/tim.o
 .debug_loc     0x000000000000e9ac      0x108 build/usart.o
 .debug_loc     0x000000000000eab4     0x4fef build/stm32f4xx_hal_uart.o
 .debug_loc     0x0000000000013aa3      0x651 build/ICM_20648.o
 .debug_loc     0x00000000000140f4      0x10c build/Motor_Driver.o
 .debug_loc     0x0000000000014200       0xba /usr/lib/gcc/arm-none-eabi/9.2.1/../../../arm-none-eabi/lib/thumb/v7e-m+fp/hard/libc_nano.a(lib_a-init.o)
 .debug_loc     0x00000000000142ba      0x231 /usr/lib/gcc/arm-none-eabi/9.2.1/../../../arm-none-eabi/lib/thumb/v7e-m+fp/hard/libc_nano.a(lib_a-memset.o)
 .debug_loc     0x00000000000144eb       0x98 /usr/lib/gcc/arm-none-eabi/9.2.1/../../../arm-none-eabi/lib/thumb/v7e-m+fp/hard/libc_nano.a(lib_a-printf.o)
 .debug_loc     0x0000000000014583      0x32d /usr/lib/gcc/arm-none-eabi/9.2.1/../../../arm-none-eabi/lib/thumb/v7e-m+fp/hard/libc_nano.a(lib_a-puts.o)
 .debug_loc     0x00000000000148b0      0x193 /usr/lib/gcc/arm-none-eabi/9.2.1/../../../arm-none-eabi/lib/thumb/v7e-m+fp/hard/libc_nano.a(lib_a-wbuf.o)
 .debug_loc     0x0000000000014a43       0xb7 /usr/lib/gcc/arm-none-eabi/9.2.1/../../../arm-none-eabi/lib/thumb/v7e-m+fp/hard/libc_nano.a(lib_a-wsetup.o)
 .debug_loc     0x0000000000014afa      0x3f5 /usr/lib/gcc/arm-none-eabi/9.2.1/../../../arm-none-eabi/lib/thumb/v7e-m+fp/hard/libc_nano.a(lib_a-fflush.o)
 .debug_loc     0x0000000000014eef      0x339 /usr/lib/gcc/arm-none-eabi/9.2.1/../../../arm-none-eabi/lib/thumb/v7e-m+fp/hard/libc_nano.a(lib_a-findfp.o)
 .debug_loc     0x0000000000015228      0x24f /usr/lib/gcc/arm-none-eabi/9.2.1/../../../arm-none-eabi/lib/thumb/v7e-m+fp/hard/libc_nano.a(lib_a-fwalk.o)
 .debug_loc     0x0000000000015477      0x192 /usr/lib/gcc/arm-none-eabi/9.2.1/../../../arm-none-eabi/lib/thumb/v7e-m+fp/hard/libc_nano.a(lib_a-makebuf.o)
 .debug_loc     0x0000000000015609      0x211 /usr/lib/gcc/arm-none-eabi/9.2.1/../../../arm-none-eabi/lib/thumb/v7e-m+fp/hard/libc_nano.a(lib_a-nano-freer.o)
 .debug_loc     0x000000000001581a      0x437 /usr/lib/gcc/arm-none-eabi/9.2.1/../../../arm-none-eabi/lib/thumb/v7e-m+fp/hard/libc_nano.a(lib_a-nano-mallocr.o)
 .debug_loc     0x0000000000015c51      0x7a3 /usr/lib/gcc/arm-none-eabi/9.2.1/../../../arm-none-eabi/lib/thumb/v7e-m+fp/hard/libc_nano.a(lib_a-nano-vfprintf.o)
 .debug_loc     0x00000000000163f4      0x7ab /usr/lib/gcc/arm-none-eabi/9.2.1/../../../arm-none-eabi/lib/thumb/v7e-m+fp/hard/libc_nano.a(lib_a-nano-vfprintf_i.o)
 .debug_loc     0x0000000000016b9f       0x6c /usr/lib/gcc/arm-none-eabi/9.2.1/../../../arm-none-eabi/lib/thumb/v7e-m+fp/hard/libc_nano.a(lib_a-sbrkr.o)
 .debug_loc     0x0000000000016c0b      0x393 /usr/lib/gcc/arm-none-eabi/9.2.1/../../../arm-none-eabi/lib/thumb/v7e-m+fp/hard/libc_nano.a(lib_a-stdio.o)
 .debug_loc     0x0000000000016f9e       0xdd /usr/lib/gcc/arm-none-eabi/9.2.1/../../../arm-none-eabi/lib/thumb/v7e-m+fp/hard/libc_nano.a(lib_a-writer.o)
 .debug_loc     0x000000000001707b       0x6c /usr/lib/gcc/arm-none-eabi/9.2.1/../../../arm-none-eabi/lib/thumb/v7e-m+fp/hard/libc_nano.a(lib_a-closer.o)
 .debug_loc     0x00000000000170e7       0xab /usr/lib/gcc/arm-none-eabi/9.2.1/../../../arm-none-eabi/lib/thumb/v7e-m+fp/hard/libc_nano.a(lib_a-fstatr.o)
 .debug_loc     0x0000000000017192      0x669 /usr/lib/gcc/arm-none-eabi/9.2.1/../../../arm-none-eabi/lib/thumb/v7e-m+fp/hard/libc_nano.a(lib_a-fvwrite.o)
 .debug_loc     0x00000000000177fb       0x6c /usr/lib/gcc/arm-none-eabi/9.2.1/../../../arm-none-eabi/lib/thumb/v7e-m+fp/hard/libc_nano.a(lib_a-isattyr.o)
 .debug_loc     0x0000000000017867       0xdd /usr/lib/gcc/arm-none-eabi/9.2.1/../../../arm-none-eabi/lib/thumb/v7e-m+fp/hard/libc_nano.a(lib_a-lseekr.o)
 .debug_loc     0x0000000000017944      0x2f1 /usr/lib/gcc/arm-none-eabi/9.2.1/../../../arm-none-eabi/lib/thumb/v7e-m+fp/hard/libc_nano.a(lib_a-memmove.o)
 .debug_loc     0x0000000000017c35      0x133 /usr/lib/gcc/arm-none-eabi/9.2.1/../../../arm-none-eabi/lib/thumb/v7e-m+fp/hard/libc_nano.a(lib_a-nano-reallocr.o)
 .debug_loc     0x0000000000017d68       0xdd /usr/lib/gcc/arm-none-eabi/9.2.1/../../../arm-none-eabi/lib/thumb/v7e-m+fp/hard/libc_nano.a(lib_a-readr.o)
 .debug_loc     0x0000000000017e45      0x135 /usr/lib/gcc/arm-none-eabi/9.2.1/../../../arm-none-eabi/lib/thumb/v7e-m+fp/hard/libc_nano.a(lib_a-reent.o)
 .debug_loc     0x0000000000017f7a       0x86 /usr/lib/gcc/arm-none-eabi/9.2.1/../../../arm-none-eabi/lib/thumb/v7e-m+fp/hard/libc_nano.a(lib_a-nano-msizer.o)
 .debug_loc     0x0000000000018000       0x25 /usr/lib/gcc/arm-none-eabi/9.2.1/../../../arm-none-eabi/lib/thumb/v7e-m+fp/hard/libnosys.a(close.o)
 .debug_loc     0x0000000000018025       0x25 /usr/lib/gcc/arm-none-eabi/9.2.1/../../../arm-none-eabi/lib/thumb/v7e-m+fp/hard/libnosys.a(fstat.o)
 .debug_loc     0x000000000001804a       0x25 /usr/lib/gcc/arm-none-eabi/9.2.1/../../../arm-none-eabi/lib/thumb/v7e-m+fp/hard/libnosys.a(isatty.o)
 .debug_loc     0x000000000001806f       0x4a /usr/lib/gcc/arm-none-eabi/9.2.1/../../../arm-none-eabi/lib/thumb/v7e-m+fp/hard/libnosys.a(lseek.o)
 .debug_loc     0x00000000000180b9       0x4a /usr/lib/gcc/arm-none-eabi/9.2.1/../../../arm-none-eabi/lib/thumb/v7e-m+fp/hard/libnosys.a(read.o)
 .debug_loc     0x0000000000018103       0x3e /usr/lib/gcc/arm-none-eabi/9.2.1/../../../arm-none-eabi/lib/thumb/v7e-m+fp/hard/libnosys.a(sbrk.o)
 .debug_loc     0x0000000000018141      0xfa2 /usr/lib/gcc/arm-none-eabi/9.2.1/thumb/v7e-m+fp/hard/libgcc.a(_udivmoddi4.o)

.debug_aranges  0x0000000000000000     0x1578
 .debug_aranges
                0x0000000000000000       0x70 build/main.o
 .debug_aranges
                0x0000000000000070       0x68 build/stm32f4xx_it.o
 .debug_aranges
                0x00000000000000d8       0x20 build/stm32f4xx_hal_msp.o
 .debug_aranges
                0x00000000000000f8      0x3d0 build/stm32f4xx_hal_tim.o
 .debug_aranges
                0x00000000000004c8      0x168 build/stm32f4xx_hal_tim_ex.o
 .debug_aranges
                0x0000000000000630       0x88 build/stm32f4xx_hal_rcc.o
 .debug_aranges
                0x00000000000006b8       0x60 build/stm32f4xx_hal_rcc_ex.o
 .debug_aranges
                0x0000000000000718       0x58 build/stm32f4xx_hal_gpio.o
 .debug_aranges
                0x0000000000000770       0x90 build/stm32f4xx_hal_dma.o
 .debug_aranges
                0x0000000000000800       0xa8 build/stm32f4xx_hal_cortex.o
 .debug_aranges
                0x00000000000008a8       0xf0 build/stm32f4xx_hal.o
 .debug_aranges
                0x0000000000000998       0x28 build/system_stm32f4xx.o
 .debug_aranges
                0x00000000000009c0       0xe8 build/stm32f4xx_hal_adc.o
 .debug_aranges
                0x0000000000000aa8      0x1d0 build/stm32f4xx_hal_spi.o
 .debug_aranges
                0x0000000000000c78       0x20 build/gpio.o
 .debug_aranges
                0x0000000000000c98       0x30 build/adc.o
 .debug_aranges
                0x0000000000000cc8       0x20 build/dma.o
 .debug_aranges
                0x0000000000000ce8       0x38 build/spi.o
 .debug_aranges
                0x0000000000000d20       0x70 build/tim.o
 .debug_aranges
                0x0000000000000d90       0x30 build/usart.o
 .debug_aranges
                0x0000000000000dc0      0x200 build/stm32f4xx_hal_uart.o
 .debug_aranges
                0x0000000000000fc0       0x68 build/ICM_20648.o
 .debug_aranges
                0x0000000000001028       0x30 build/Motor_Driver.o
 .debug_aranges
                0x0000000000001058       0x28 build/startup_stm32f412cx.o
 .debug_aranges
                0x0000000000001080       0x18 /usr/lib/gcc/arm-none-eabi/9.2.1/../../../arm-none-eabi/lib/thumb/v7e-m+fp/hard/libc_nano.a(lib_a-impure.o)
 .debug_aranges
                0x0000000000001098       0x20 /usr/lib/gcc/arm-none-eabi/9.2.1/../../../arm-none-eabi/lib/thumb/v7e-m+fp/hard/libc_nano.a(lib_a-init.o)
 .debug_aranges
                0x00000000000010b8       0x20 /usr/lib/gcc/arm-none-eabi/9.2.1/../../../arm-none-eabi/lib/thumb/v7e-m+fp/hard/libc_nano.a(lib_a-memset.o)
 .debug_aranges
                0x00000000000010d8       0x20 /usr/lib/gcc/arm-none-eabi/9.2.1/../../../arm-none-eabi/lib/thumb/v7e-m+fp/hard/libc_nano.a(lib_a-printf.o)
 .debug_aranges
                0x00000000000010f8       0x20 /usr/lib/gcc/arm-none-eabi/9.2.1/../../../arm-none-eabi/lib/thumb/v7e-m+fp/hard/libc_nano.a(lib_a-puts.o)
 .debug_aranges
                0x0000000000001118       0x20 /usr/lib/gcc/arm-none-eabi/9.2.1/../../../arm-none-eabi/lib/thumb/v7e-m+fp/hard/libc_nano.a(lib_a-wbuf.o)
 .debug_aranges
                0x0000000000001138       0x20 /usr/lib/gcc/arm-none-eabi/9.2.1/../../../arm-none-eabi/lib/thumb/v7e-m+fp/hard/libc_nano.a(lib_a-wsetup.o)
 .debug_aranges
                0x0000000000001158       0x20 /usr/lib/gcc/arm-none-eabi/9.2.1/../../../arm-none-eabi/lib/thumb/v7e-m+fp/hard/libc_nano.a(lib_a-fflush.o)
 .debug_aranges
                0x0000000000001178       0x20 /usr/lib/gcc/arm-none-eabi/9.2.1/../../../arm-none-eabi/lib/thumb/v7e-m+fp/hard/libc_nano.a(lib_a-findfp.o)
 .debug_aranges
                0x0000000000001198       0x20 /usr/lib/gcc/arm-none-eabi/9.2.1/../../../arm-none-eabi/lib/thumb/v7e-m+fp/hard/libc_nano.a(lib_a-fwalk.o)
 .debug_aranges
                0x00000000000011b8       0x20 /usr/lib/gcc/arm-none-eabi/9.2.1/../../../arm-none-eabi/lib/thumb/v7e-m+fp/hard/libc_nano.a(lib_a-makebuf.o)
 .debug_aranges
                0x00000000000011d8       0x20 /usr/lib/gcc/arm-none-eabi/9.2.1/../../../arm-none-eabi/lib/thumb/v7e-m+fp/hard/libc_nano.a(lib_a-nano-freer.o)
 .debug_aranges
                0x00000000000011f8       0x20 /usr/lib/gcc/arm-none-eabi/9.2.1/../../../arm-none-eabi/lib/thumb/v7e-m+fp/hard/libc_nano.a(lib_a-nano-mallocr.o)
 .debug_aranges
                0x0000000000001218       0x20 /usr/lib/gcc/arm-none-eabi/9.2.1/../../../arm-none-eabi/lib/thumb/v7e-m+fp/hard/libc_nano.a(lib_a-nano-vfprintf.o)
 .debug_aranges
                0x0000000000001238       0x20 /usr/lib/gcc/arm-none-eabi/9.2.1/../../../arm-none-eabi/lib/thumb/v7e-m+fp/hard/libc_nano.a(lib_a-nano-vfprintf_i.o)
 .debug_aranges
                0x0000000000001258       0x20 /usr/lib/gcc/arm-none-eabi/9.2.1/../../../arm-none-eabi/lib/thumb/v7e-m+fp/hard/libc_nano.a(lib_a-sbrkr.o)
 .debug_aranges
                0x0000000000001278       0x20 /usr/lib/gcc/arm-none-eabi/9.2.1/../../../arm-none-eabi/lib/thumb/v7e-m+fp/hard/libc_nano.a(lib_a-stdio.o)
 .debug_aranges
                0x0000000000001298       0x20 /usr/lib/gcc/arm-none-eabi/9.2.1/../../../arm-none-eabi/lib/thumb/v7e-m+fp/hard/libc_nano.a(lib_a-writer.o)
 .debug_aranges
                0x00000000000012b8       0x20 /usr/lib/gcc/arm-none-eabi/9.2.1/../../../arm-none-eabi/lib/thumb/v7e-m+fp/hard/libc_nano.a(lib_a-closer.o)
 .debug_aranges
                0x00000000000012d8       0x20 /usr/lib/gcc/arm-none-eabi/9.2.1/../../../arm-none-eabi/lib/thumb/v7e-m+fp/hard/libc_nano.a(lib_a-fstatr.o)
 .debug_aranges
                0x00000000000012f8       0x20 /usr/lib/gcc/arm-none-eabi/9.2.1/../../../arm-none-eabi/lib/thumb/v7e-m+fp/hard/libc_nano.a(lib_a-fvwrite.o)
 .debug_aranges
                0x0000000000001318       0x20 /usr/lib/gcc/arm-none-eabi/9.2.1/../../../arm-none-eabi/lib/thumb/v7e-m+fp/hard/libc_nano.a(lib_a-isattyr.o)
 .debug_aranges
                0x0000000000001338       0x20 /usr/lib/gcc/arm-none-eabi/9.2.1/../../../arm-none-eabi/lib/thumb/v7e-m+fp/hard/libc_nano.a(lib_a-lseekr.o)
 .debug_aranges
                0x0000000000001358       0x20 /usr/lib/gcc/arm-none-eabi/9.2.1/../../../arm-none-eabi/lib/thumb/v7e-m+fp/hard/libc_nano.a(lib_a-memchr.o)
 .debug_aranges
                0x0000000000001378       0x20 /usr/lib/gcc/arm-none-eabi/9.2.1/../../../arm-none-eabi/lib/thumb/v7e-m+fp/hard/libc_nano.a(lib_a-memcpy.o)
 .debug_aranges
                0x0000000000001398       0x20 /usr/lib/gcc/arm-none-eabi/9.2.1/../../../arm-none-eabi/lib/thumb/v7e-m+fp/hard/libc_nano.a(lib_a-memmove.o)
 .debug_aranges
                0x00000000000013b8       0x20 /usr/lib/gcc/arm-none-eabi/9.2.1/../../../arm-none-eabi/lib/thumb/v7e-m+fp/hard/libc_nano.a(lib_a-mlock.o)
 .debug_aranges
                0x00000000000013d8       0x20 /usr/lib/gcc/arm-none-eabi/9.2.1/../../../arm-none-eabi/lib/thumb/v7e-m+fp/hard/libc_nano.a(lib_a-nano-reallocr.o)
 .debug_aranges
                0x00000000000013f8       0x20 /usr/lib/gcc/arm-none-eabi/9.2.1/../../../arm-none-eabi/lib/thumb/v7e-m+fp/hard/libc_nano.a(lib_a-readr.o)
 .debug_aranges
                0x0000000000001418       0x20 /usr/lib/gcc/arm-none-eabi/9.2.1/../../../arm-none-eabi/lib/thumb/v7e-m+fp/hard/libc_nano.a(lib_a-reent.o)
 .debug_aranges
                0x0000000000001438       0x20 /usr/lib/gcc/arm-none-eabi/9.2.1/../../../arm-none-eabi/lib/thumb/v7e-m+fp/hard/libc_nano.a(lib_a-nano-msizer.o)
 .debug_aranges
                0x0000000000001458       0x20 /usr/lib/gcc/arm-none-eabi/9.2.1/../../../arm-none-eabi/lib/thumb/v7e-m+fp/hard/libnosys.a(close.o)
 .debug_aranges
                0x0000000000001478       0x20 /usr/lib/gcc/arm-none-eabi/9.2.1/../../../arm-none-eabi/lib/thumb/v7e-m+fp/hard/libnosys.a(fstat.o)
 .debug_aranges
                0x0000000000001498       0x20 /usr/lib/gcc/arm-none-eabi/9.2.1/../../../arm-none-eabi/lib/thumb/v7e-m+fp/hard/libnosys.a(isatty.o)
 .debug_aranges
                0x00000000000014b8       0x20 /usr/lib/gcc/arm-none-eabi/9.2.1/../../../arm-none-eabi/lib/thumb/v7e-m+fp/hard/libnosys.a(lseek.o)
 .debug_aranges
                0x00000000000014d8       0x20 /usr/lib/gcc/arm-none-eabi/9.2.1/../../../arm-none-eabi/lib/thumb/v7e-m+fp/hard/libnosys.a(read.o)
 .debug_aranges
                0x00000000000014f8       0x20 /usr/lib/gcc/arm-none-eabi/9.2.1/../../../arm-none-eabi/lib/thumb/v7e-m+fp/hard/libnosys.a(sbrk.o)
 .debug_aranges
                0x0000000000001518       0x20 /usr/lib/gcc/arm-none-eabi/9.2.1/thumb/v7e-m+fp/hard/libgcc.a(_aeabi_uldivmod.o)
 .debug_aranges
                0x0000000000001538       0x20 /usr/lib/gcc/arm-none-eabi/9.2.1/thumb/v7e-m+fp/hard/libgcc.a(_udivmoddi4.o)
 .debug_aranges
                0x0000000000001558       0x20 /usr/lib/gcc/arm-none-eabi/9.2.1/thumb/v7e-m+fp/hard/libgcc.a(_dvmd_tls.o)

.debug_ranges   0x0000000000000000     0x1400
 .debug_ranges  0x0000000000000000       0x78 build/main.o
 .debug_ranges  0x0000000000000078       0x58 build/stm32f4xx_it.o
 .debug_ranges  0x00000000000000d0       0x10 build/stm32f4xx_hal_msp.o
 .debug_ranges  0x00000000000000e0      0x3c0 build/stm32f4xx_hal_tim.o
 .debug_ranges  0x00000000000004a0      0x158 build/stm32f4xx_hal_tim_ex.o
 .debug_ranges  0x00000000000005f8       0x90 build/stm32f4xx_hal_rcc.o
 .debug_ranges  0x0000000000000688       0x68 build/stm32f4xx_hal_rcc_ex.o
 .debug_ranges  0x00000000000006f0       0x48 build/stm32f4xx_hal_gpio.o
 .debug_ranges  0x0000000000000738       0x80 build/stm32f4xx_hal_dma.o
 .debug_ranges  0x00000000000007b8       0xf8 build/stm32f4xx_hal_cortex.o
 .debug_ranges  0x00000000000008b0       0xe0 build/stm32f4xx_hal.o
 .debug_ranges  0x0000000000000990       0x18 build/system_stm32f4xx.o
 .debug_ranges  0x00000000000009a8       0xd8 build/stm32f4xx_hal_adc.o
 .debug_ranges  0x0000000000000a80      0x1c0 build/stm32f4xx_hal_spi.o
 .debug_ranges  0x0000000000000c40       0x10 build/gpio.o
 .debug_ranges  0x0000000000000c50       0x20 build/adc.o
 .debug_ranges  0x0000000000000c70       0x10 build/dma.o
 .debug_ranges  0x0000000000000c80       0x28 build/spi.o
 .debug_ranges  0x0000000000000ca8       0x60 build/tim.o
 .debug_ranges  0x0000000000000d08       0x20 build/usart.o
 .debug_ranges  0x0000000000000d28      0x208 build/stm32f4xx_hal_uart.o
 .debug_ranges  0x0000000000000f30       0x70 build/ICM_20648.o
 .debug_ranges  0x0000000000000fa0       0x20 build/Motor_Driver.o
 .debug_ranges  0x0000000000000fc0       0x20 build/startup_stm32f412cx.o
 .debug_ranges  0x0000000000000fe0       0x68 /usr/lib/gcc/arm-none-eabi/9.2.1/../../../arm-none-eabi/lib/thumb/v7e-m+fp/hard/libc_nano.a(lib_a-puts.o)
 .debug_ranges  0x0000000000001048       0x20 /usr/lib/gcc/arm-none-eabi/9.2.1/../../../arm-none-eabi/lib/thumb/v7e-m+fp/hard/libc_nano.a(lib_a-wbuf.o)
 .debug_ranges  0x0000000000001068       0x30 /usr/lib/gcc/arm-none-eabi/9.2.1/../../../arm-none-eabi/lib/thumb/v7e-m+fp/hard/libc_nano.a(lib_a-wsetup.o)
 .debug_ranges  0x0000000000001098       0x68 /usr/lib/gcc/arm-none-eabi/9.2.1/../../../arm-none-eabi/lib/thumb/v7e-m+fp/hard/libc_nano.a(lib_a-fflush.o)
 .debug_ranges  0x0000000000001100       0xe8 /usr/lib/gcc/arm-none-eabi/9.2.1/../../../arm-none-eabi/lib/thumb/v7e-m+fp/hard/libc_nano.a(lib_a-findfp.o)